Archive member included to satisfy reference by file (symbol)

c:/ac6/systemworkbench/plugins/fr.ac6.mcu.externaltools.arm-none.win32_1.16.0.201807130628/tools/compiler/bin/../lib/gcc/arm-none-eabi/7.2.1/thumb/v7e-m/fpv4-sp/hard\libgcc.a(_aeabi_uldivmod.o)
                              Drivers/STM32F4xx_HAL_Driver/Src/stm32f4xx_hal_rcc.o (__aeabi_uldivmod)
c:/ac6/systemworkbench/plugins/fr.ac6.mcu.externaltools.arm-none.win32_1.16.0.201807130628/tools/compiler/bin/../lib/gcc/arm-none-eabi/7.2.1/thumb/v7e-m/fpv4-sp/hard\libgcc.a(_udivmoddi4.o)
                              c:/ac6/systemworkbench/plugins/fr.ac6.mcu.externaltools.arm-none.win32_1.16.0.201807130628/tools/compiler/bin/../lib/gcc/arm-none-eabi/7.2.1/thumb/v7e-m/fpv4-sp/hard\libgcc.a(_aeabi_uldivmod.o) (__udivmoddi4)
c:/ac6/systemworkbench/plugins/fr.ac6.mcu.externaltools.arm-none.win32_1.16.0.201807130628/tools/compiler/bin/../lib/gcc/arm-none-eabi/7.2.1/thumb/v7e-m/fpv4-sp/hard\libgcc.a(_dvmd_tls.o)
                              c:/ac6/systemworkbench/plugins/fr.ac6.mcu.externaltools.arm-none.win32_1.16.0.201807130628/tools/compiler/bin/../lib/gcc/arm-none-eabi/7.2.1/thumb/v7e-m/fpv4-sp/hard\libgcc.a(_aeabi_uldivmod.o) (__aeabi_ldiv0)
c:/ac6/systemworkbench/plugins/fr.ac6.mcu.externaltools.arm-none.win32_1.16.0.201807130628/tools/compiler/bin/../lib/gcc/arm-none-eabi/7.2.1/../../../../arm-none-eabi/lib/thumb/v7e-m/fpv4-sp/hard\libc_nano.a(lib_a-assert.o)
                              Src/main.o (__assert_func)
c:/ac6/systemworkbench/plugins/fr.ac6.mcu.externaltools.arm-none.win32_1.16.0.201807130628/tools/compiler/bin/../lib/gcc/arm-none-eabi/7.2.1/../../../../arm-none-eabi/lib/thumb/v7e-m/fpv4-sp/hard\libc_nano.a(lib_a-exit.o)
                              c:/ac6/systemworkbench/plugins/fr.ac6.mcu.externaltools.arm-none.win32_1.16.0.201807130628/tools/compiler/bin/../lib/gcc/arm-none-eabi/7.2.1/../../../../arm-none-eabi/lib/thumb/v7e-m/fpv4-sp/hard/crt0.o (exit)
c:/ac6/systemworkbench/plugins/fr.ac6.mcu.externaltools.arm-none.win32_1.16.0.201807130628/tools/compiler/bin/../lib/gcc/arm-none-eabi/7.2.1/../../../../arm-none-eabi/lib/thumb/v7e-m/fpv4-sp/hard\libc_nano.a(lib_a-fprintf.o)
                              c:/ac6/systemworkbench/plugins/fr.ac6.mcu.externaltools.arm-none.win32_1.16.0.201807130628/tools/compiler/bin/../lib/gcc/arm-none-eabi/7.2.1/../../../../arm-none-eabi/lib/thumb/v7e-m/fpv4-sp/hard\libc_nano.a(lib_a-assert.o) (fiprintf)
c:/ac6/systemworkbench/plugins/fr.ac6.mcu.externaltools.arm-none.win32_1.16.0.201807130628/tools/compiler/bin/../lib/gcc/arm-none-eabi/7.2.1/../../../../arm-none-eabi/lib/thumb/v7e-m/fpv4-sp/hard\libc_nano.a(lib_a-impure.o)
                              c:/ac6/systemworkbench/plugins/fr.ac6.mcu.externaltools.arm-none.win32_1.16.0.201807130628/tools/compiler/bin/../lib/gcc/arm-none-eabi/7.2.1/../../../../arm-none-eabi/lib/thumb/v7e-m/fpv4-sp/hard\libc_nano.a(lib_a-exit.o) (_global_impure_ptr)
c:/ac6/systemworkbench/plugins/fr.ac6.mcu.externaltools.arm-none.win32_1.16.0.201807130628/tools/compiler/bin/../lib/gcc/arm-none-eabi/7.2.1/../../../../arm-none-eabi/lib/thumb/v7e-m/fpv4-sp/hard\libc_nano.a(lib_a-init.o)
                              c:/ac6/systemworkbench/plugins/fr.ac6.mcu.externaltools.arm-none.win32_1.16.0.201807130628/tools/compiler/bin/../lib/gcc/arm-none-eabi/7.2.1/../../../../arm-none-eabi/lib/thumb/v7e-m/fpv4-sp/hard/crt0.o (__libc_init_array)
c:/ac6/systemworkbench/plugins/fr.ac6.mcu.externaltools.arm-none.win32_1.16.0.201807130628/tools/compiler/bin/../lib/gcc/arm-none-eabi/7.2.1/../../../../arm-none-eabi/lib/thumb/v7e-m/fpv4-sp/hard\libc_nano.a(lib_a-malloc.o)
                              Middlewares/ST/STM32_USB_Device_Library/Class/CDC/Src/usbd_cdc.o (malloc)
c:/ac6/systemworkbench/plugins/fr.ac6.mcu.externaltools.arm-none.win32_1.16.0.201807130628/tools/compiler/bin/../lib/gcc/arm-none-eabi/7.2.1/../../../../arm-none-eabi/lib/thumb/v7e-m/fpv4-sp/hard\libc_nano.a(lib_a-memset.o)
                              c:/ac6/systemworkbench/plugins/fr.ac6.mcu.externaltools.arm-none.win32_1.16.0.201807130628/tools/compiler/bin/../lib/gcc/arm-none-eabi/7.2.1/../../../../arm-none-eabi/lib/thumb/v7e-m/fpv4-sp/hard/crt0.o (memset)
c:/ac6/systemworkbench/plugins/fr.ac6.mcu.externaltools.arm-none.win32_1.16.0.201807130628/tools/compiler/bin/../lib/gcc/arm-none-eabi/7.2.1/../../../../arm-none-eabi/lib/thumb/v7e-m/fpv4-sp/hard\libc_nano.a(lib_a-nano-freer.o)
                              c:/ac6/systemworkbench/plugins/fr.ac6.mcu.externaltools.arm-none.win32_1.16.0.201807130628/tools/compiler/bin/../lib/gcc/arm-none-eabi/7.2.1/../../../../arm-none-eabi/lib/thumb/v7e-m/fpv4-sp/hard\libc_nano.a(lib_a-malloc.o) (_free_r)
c:/ac6/systemworkbench/plugins/fr.ac6.mcu.externaltools.arm-none.win32_1.16.0.201807130628/tools/compiler/bin/../lib/gcc/arm-none-eabi/7.2.1/../../../../arm-none-eabi/lib/thumb/v7e-m/fpv4-sp/hard\libc_nano.a(lib_a-nano-mallocr.o)
[...]
Memory Configuration

Name             Origin             Length             Attributes
RAM              0x20000000         0x00020000         xrw
CCMRAM           0x10000000         0x00010000         rw
FLASH            0x08000000         0x00100000         xr
*default*        0x00000000         0xffffffff

Linker script and memory map

LOAD c:/ac6/systemworkbench/plugins/fr.ac6.mcu.externaltools.arm-none.win32_1.16.0.201807130628/tools/compiler/bin/../lib/gcc/arm-none-eabi/7.2.1/thumb/v7e-m/fpv4-sp/hard/crti.o
LOAD c:/ac6/systemworkbench/plugins/fr.ac6.mcu.externaltools.arm-none.win32_1.16.0.201807130628/tools/compiler/bin/../lib/gcc/arm-none-eabi/7.2.1/thumb/v7e-m/fpv4-sp/hard/crtbegin.o
LOAD c:/ac6/systemworkbench/plugins/fr.ac6.mcu.externaltools.arm-none.win32_1.16.0.201807130628/tools/compiler/bin/../lib/gcc/arm-none-eabi/7.2.1/../../../../arm-none-eabi/lib/thumb/v7e-m/fpv4-sp/hard/crt0.o
LOAD Drivers/STM32F4xx_HAL_Driver/Src/stm32f4xx_hal.o
LOAD Drivers/STM32F4xx_HAL_Driver/Src/stm32f4xx_hal_adc.o
LOAD Drivers/STM32F4xx_HAL_Driver/Src/stm32f4xx_hal_adc_ex.o
LOAD Drivers/STM32F4xx_HAL_Driver/Src/stm32f4xx_hal_cortex.o
LOAD Drivers/STM32F4xx_HAL_Driver/Src/stm32f4xx_hal_dma.o
LOAD Drivers/STM32F4xx_HAL_Driver/Src/stm32f4xx_hal_dma_ex.o
LOAD Drivers/STM32F4xx_HAL_Driver/Src/stm32f4xx_hal_flash.o
LOAD Drivers/STM32F4xx_HAL_Driver/Src/stm32f4xx_hal_flash_ex.o
LOAD Drivers/STM32F4xx_HAL_Driver/Src/stm32f4xx_hal_flash_ramfunc.o
LOAD Drivers/STM32F4xx_HAL_Driver/Src/stm32f4xx_hal_gpio.o
LOAD Drivers/STM32F4xx_HAL_Driver/Src/stm32f4xx_hal_pcd.o
LOAD Drivers/STM32F4xx_HAL_Driver/Src/stm32f4xx_hal_pcd_ex.o
LOAD Drivers/STM32F4xx_HAL_Driver/Src/stm32f4xx_hal_pwr.o
LOAD Drivers/STM32F4xx_HAL_Driver/Src/stm32f4xx_hal_pwr_ex.o
LOAD Drivers/STM32F4xx_HAL_Driver/Src/stm32f4xx_hal_rcc.o
LOAD Drivers/STM32F4xx_HAL_Driver/Src/stm32f4xx_hal_rcc_ex.o
LOAD Drivers/STM32F4xx_HAL_Driver/Src/stm32f4xx_hal_tim.o
LOAD Drivers/STM32F4xx_HAL_Driver/Src/stm32f4xx_hal_tim_ex.o
LOAD Drivers/STM32F4xx_HAL_Driver/Src/stm32f4xx_ll_usb.o
LOAD Middlewares/ST/STM32_USB_Device_Library/Class/CDC/Src/usbd_cdc.o
LOAD Middlewares/ST/STM32_USB_Device_Library/Core/Src/usbd_core.o
LOAD Middlewares/ST/STM32_USB_Device_Library/Core/Src/usbd_ctlreq.o
LOAD Middlewares/ST/STM32_USB_Device_Library/Core/Src/usbd_ioreq.o
LOAD Src/main.o
LOAD Src/stm32f4xx_hal_msp.o
LOAD Src/stm32f4xx_it.o
LOAD Src/system_stm32f4xx.o
LOAD Src/usb_device.o
LOAD Src/usbd_cdc_if.o
LOAD Src/usbd_conf.o
LOAD Src/usbd_desc.o
LOAD startup/startup_stm32f407xx.o
LOAD c:/ac6/systemworkbench/plugins/fr.ac6.mcu.externaltools.arm-none.win32_1.16.0.201807130628/tools/compiler/bin/../lib/gcc/arm-none-eabi/7.2.1/../../../../arm-none-eabi/lib/thumb/v7e-m/fpv4-sp/hard\libm.a
START GROUP
LOAD c:/ac6/systemworkbench/plugins/fr.ac6.mcu.externaltools.arm-none.win32_1.16.0.201807130628/tools/compiler/bin/../lib/gcc/arm-none-eabi/7.2.1/thumb/v7e-m/fpv4-sp/hard\libgcc.a
LOAD c:/ac6/systemworkbench/plugins/fr.ac6.mcu.externaltools.arm-none.win32_1.16.0.201807130628/tools/compiler/bin/../lib/gcc/arm-none-eabi/7.2.1/../../../../arm-none-eabi/lib/thumb/v7e-m/fpv4-sp/hard\libc_nano.a
END GROUP
START GROUP
LOAD c:/ac6/systemworkbench/plugins/fr.ac6.mcu.externaltools.arm-none.win32_1.16.0.201807130628/tools/compiler/bin/../lib/gcc/arm-none-eabi/7.2.1/thumb/v7e-m/fpv4-sp/hard\libgcc.a
LOAD c:/ac6/systemworkbench/plugins/fr.ac6.mcu.externaltools.arm-none.win32_1.16.0.201807130628/tools/compiler/bin/../lib/gcc/arm-none-eabi/7.2.1/../../../../arm-none-eabi/lib/thumb/v7e-m/fpv4-sp/hard\libc_nano.a
LOAD c:/ac6/systemworkbench/plugins/fr.ac6.mcu.externaltools.arm-none.win32_1.16.0.201807130628/tools/compiler/bin/../lib/gcc/arm-none-eabi/7.2.1/../../../../arm-none-eabi/lib/thumb/v7e-m/fpv4-sp/hard\libnosys.a
END GROUP
START GROUP
LOAD c:/ac6/systemworkbench/plugins/fr.ac6.mcu.externaltools.arm-none.win32_1.16.0.201807130628/tools/compiler/bin/../lib/gcc/arm-none-eabi/7.2.1/thumb/v7e-m/fpv4-sp/hard\libgcc.a
LOAD c:/ac6/systemworkbench/plugins/fr.ac6.mcu.externaltools.arm-none.win32_1.16.0.201807130628/tools/compiler/bin/../lib/gcc/arm-none-eabi/7.2.1/../../../../arm-none-eabi/lib/thumb/v7e-m/fpv4-sp/hard\libc_nano.a
LOAD c:/ac6/systemworkbench/plugins/fr.ac6.mcu.externaltools.arm-none.win32_1.16.0.201807130628/tools/compiler/bin/../lib/gcc/arm-none-eabi/7.2.1/../../../../arm-none-eabi/lib/thumb/v7e-m/fpv4-sp/hard\libnosys.a
END GROUP
LOAD c:/ac6/systemworkbench/plugins/fr.ac6.mcu.externaltools.arm-none.win32_1.16.0.201807130628/tools/compiler/bin/../lib/gcc/arm-none-eabi/7.2.1/thumb/v7e-m/fpv4-sp/hard/crtend.o
LOAD c:/ac6/systemworkbench/plugins/fr.ac6.mcu.externaltools.arm-none.win32_1.16.0.201807130628/tools/compiler/bin/../lib/gcc/arm-none-eabi/7.2.1/thumb/v7e-m/fpv4-sp/hard/crtn.o
                0x20020000                _estack = 0x20020000
                0x00000200                _Min_Heap_Size = 0x200
                0x00000400                _Min_Stack_Size = 0x400

.isr_vector     0x08000000      0x188
                0x08000000                . = ALIGN (0x4)
 *(.isr_vector)
 .isr_vector    0x08000000      0x188 startup/startup_stm32f407xx.o
                0x08000000                g_pfnVectors
                0x08000188                . = ALIGN (0x4)

.text           0x08000190     0x5e3c
                0x08000190                . = ALIGN (0x4)
 *(.text)
 .text          0x08000190       0x40 c:/ac6/systemworkbench/plugins/fr.ac6.mcu.externaltools.arm-none.win32_1.16.0.201807130628/tools/compiler/bin/../lib/gcc/arm-none-eabi/7.2.1/thumb/v7e-m/fpv4-sp/hard/crtbegin.o
 .text          0x080001d0       0x30 c:/ac6/systemworkbench/plugins/fr.ac6.mcu.externaltools.arm-none.win32_1.16.0.201807130628/tools/compiler/bin/../lib/gcc/arm-none-eabi/7.2.1/thumb/v7e-m/fpv4-sp/hard\libgcc.a(_aeabi_uldivmod.o)
                0x080001d0                __aeabi_uldivmod
 .text          0x08000200      0x2cc c:/ac6/systemworkbench/plugins/fr.ac6.mcu.externaltools.arm-none.win32_1.16.0.201807130628/tools/compiler/bin/../lib/gcc/arm-none-eabi/7.2.1/thumb/v7e-m/fpv4-sp/hard\libgcc.a(_udivmoddi4.o)
                0x08000200                __udivmoddi4
 .text          0x080004cc        0x4 c:/ac6/systemworkbench/plugins/fr.ac6.mcu.externaltools.arm-none.win32_1.16.0.201807130628/tools/compiler/bin/../lib/gcc/arm-none-eabi/7.2.1/thumb/v7e-m/fpv4-sp/hard\libgcc.a(_dvmd_tls.o)
                0x080004cc                __aeabi_idiv0
                0x080004cc                __aeabi_ldiv0
 .text          0x080004d0       0xa0 c:/ac6/systemworkbench/plugins/fr.ac6.mcu.externaltools.arm-none.win32_1.16.0.201807130628/tools/compiler/bin/../lib/gcc/arm-none-eabi/7.2.1/../../../../arm-none-eabi/lib/thumb/v7e-m/fpv4-sp/hard\libc_nano.a(lib_a-memchr.o)
                0x080004d0                memchr
 *(.text*)
 .text.HAL_InitTick
                0x08000570       0x2c Drivers/STM32F4xx_HAL_Driver/Src/stm32f4xx_hal.o
                0x08000570                HAL_InitTick
 .text.HAL_Init
                0x0800059c       0x34 Drivers/STM32F4xx_HAL_Driver/Src/stm32f4xx_hal.o
                0x0800059c                HAL_Init
 .text.HAL_IncTick
                0x080005d0       0x10 Drivers/STM32F4xx_HAL_Driver/Src/stm32f4xx_hal.o
                0x080005d0                HAL_IncTick
 .text.HAL_GetTick
                0x080005e0        0xc Drivers/STM32F4xx_HAL_Driver/Src/stm32f4xx_hal.o
                0x080005e0                HAL_GetTick
 .text.HAL_Delay
                0x080005ec       0x24 Drivers/STM32F4xx_HAL_Driver/Src/stm32f4xx_hal.o
                0x080005ec                HAL_Delay
 .text.ADC_Init
                0x08000610      0x130 Drivers/STM32F4xx_HAL_Driver/Src/stm32f4xx_hal_adc.o
 .text.HAL_ADC_Init
                0x08000740       0x54 Drivers/STM32F4xx_HAL_Driver/Src/stm32f4xx_hal_adc.o
                0x08000740                HAL_ADC_Init
 .text.HAL_ADC_Start_DMA
                0x08000794      0x144 Drivers/STM32F4xx_HAL_Driver/Src/stm32f4xx_hal_adc.o
                0x08000794                HAL_ADC_Start_DMA
 .text.HAL_ADC_Stop_DMA
                0x080008d8       0x5e Drivers/STM32F4xx_HAL_Driver/Src/stm32f4xx_hal_adc.o
                0x080008d8                HAL_ADC_Stop_DMA
 .text.HAL_ADC_ConvCpltCallback
                0x08000936        0x2 Drivers/STM32F4xx_HAL_Driver/Src/stm32f4xx_hal_adc.o
                0x08000936                HAL_ADC_ConvCpltCallback
 .text.ADC_DMAConvCplt
                0x08000938       0x62 Drivers/STM32F4xx_HAL_Driver/Src/stm32f4xx_hal_adc.o
 .text.HAL_ADC_ConvHalfCpltCallback
                0x0800099a        0x2 Drivers/STM32F4xx_HAL_Driver/Src/stm32f4xx_hal_adc.o
                0x0800099a                HAL_ADC_ConvHalfCpltCallback
 .text.ADC_DMAHalfConvCplt
                0x0800099c        0xa Drivers/STM32F4xx_HAL_Driver/Src/stm32f4xx_hal_adc.o
 .text.HAL_ADC_ErrorCallback
                0x080009a6        0x2 Drivers/STM32F4xx_HAL_Driver/Src/stm32f4xx_hal_adc.o
                0x080009a6                HAL_ADC_ErrorCallback
 .text.ADC_DMAError
                0x080009a8       0x16 Drivers/STM32F4xx_HAL_Driver/Src/stm32f4xx_hal_adc.o
 *fill*         0x080009be        0x2 
 .text.HAL_ADC_ConfigChannel
                0x080009c0      0x190 Drivers/STM32F4xx_HAL_Driver/Src/stm32f4xx_hal_adc.o
                0x080009c0                HAL_ADC_ConfigChannel
 .text.HAL_NVIC_SetPriorityGrouping
                0x08000b50       0x24 Drivers/STM32F4xx_HAL_Driver/Src/stm32f4xx_hal_cortex.o
                0x08000b50                HAL_NVIC_SetPriorityGrouping
 .text.HAL_NVIC_SetPriority
                0x08000b74       0x68 Drivers/STM32F4xx_HAL_Driver/Src/stm32f4xx_hal_cortex.o
                0x08000b74                HAL_NVIC_SetPriority
 .text.HAL_NVIC_EnableIRQ
                0x08000bdc       0x18 Drivers/STM32F4xx_HAL_Driver/Src/stm32f4xx_hal_cortex.o
                0x08000bdc                HAL_NVIC_EnableIRQ
 .text.HAL_SYSTICK_Config
                0x08000bf4       0x2c Drivers/STM32F4xx_HAL_Driver/Src/stm32f4xx_hal_cortex.o
                0x08000bf4                HAL_SYSTICK_Config
 .text.HAL_SYSTICK_CLKSourceConfig
                0x08000c20       0x20 Drivers/STM32F4xx_HAL_Driver/Src/stm32f4xx_hal_cortex.o
                0x08000c20                HAL_SYSTICK_CLKSourceConfig
 .text.HAL_SYSTICK_Callback
                0x08000c40        0x2 Drivers/STM32F4xx_HAL_Driver/Src/stm32f4xx_hal_cortex.o
                0x08000c40                HAL_SYSTICK_Callback
 .text.HAL_SYSTICK_IRQHandler
                0x08000c42        0x8 Drivers/STM32F4xx_HAL_Driver/Src/stm32f4xx_hal_cortex.o
                0x08000c42                HAL_SYSTICK_IRQHandler
 .text.DMA_SetConfig
                0x08000c4a       0x2c Drivers/STM32F4xx_HAL_Driver/Src/stm32f4xx_hal_dma.o
 *fill*         0x08000c76        0x2 
 .text.DMA_CalcBaseAndBitshift
                0x08000c78       0x3c Drivers/STM32F4xx_HAL_Driver/Src/stm32f4xx_hal_dma.o
 .text.DMA_CheckFifoParam
                0x08000cb4       0x8e Drivers/STM32F4xx_HAL_Driver/Src/stm32f4xx_hal_dma.o
 *fill*         0x08000d42        0x2 
 .text.HAL_DMA_Init
                0x08000d44       0xcc Drivers/STM32F4xx_HAL_Driver/Src/stm32f4xx_hal_dma.o
                0x08000d44                HAL_DMA_Init
 .text.HAL_DMA_Start_IT
                0x08000e10       0x74 Drivers/STM32F4xx_HAL_Driver/Src/stm32f4xx_hal_dma.o
                0x08000e10                HAL_DMA_Start_IT
 .text.HAL_DMA_Abort
                0x08000e84       0x94 Drivers/STM32F4xx_HAL_Driver/Src/stm32f4xx_hal_dma.o
                0x08000e84                HAL_DMA_Abort
 .text.HAL_DMA_IRQHandler
                0x08000f18      0x1dc Drivers/STM32F4xx_HAL_Driver/Src/stm32f4xx_hal_dma.o
                0x08000f18                HAL_DMA_IRQHandler
 .text.HAL_GPIO_Init
                0x080010f4      0x1c8 Drivers/STM32F4xx_HAL_Driver/Src/stm32f4xx_hal_gpio.o
                0x080010f4                HAL_GPIO_Init
 .text.HAL_GPIO_WritePin
                0x080012bc        0xc Drivers/STM32F4xx_HAL_Driver/Src/stm32f4xx_hal_gpio.o
                0x080012bc                HAL_GPIO_WritePin
 .text.PCD_WriteEmptyTxFifo
                0x080012c8       0xac Drivers/STM32F4xx_HAL_Driver/Src/stm32f4xx_hal_pcd.o
 .text.HAL_PCD_Init
                0x08001374       0xe0 Drivers/STM32F4xx_HAL_Driver/Src/stm32f4xx_hal_pcd.o
                0x08001374                HAL_PCD_Init
 .text.HAL_PCD_Start
                0x08001454       0x2a Drivers/STM32F4xx_HAL_Driver/Src/stm32f4xx_hal_pcd.o
                0x08001454                HAL_PCD_Start
 *fill*         0x0800147e        0x2 
 .text.HAL_PCD_IRQHandler
                0x08001480      0x5c4 Drivers/STM32F4xx_HAL_Driver/Src/stm32f4xx_hal_pcd.o
                0x08001480                HAL_PCD_IRQHandler
 .text.HAL_PCD_SetAddress
                0x08001a44       0x24 Drivers/STM32F4xx_HAL_Driver/Src/stm32f4xx_hal_pcd.o
                0x08001a44                HAL_PCD_SetAddress
 .text.HAL_PCD_EP_Open
                0x08001a68       0x68 Drivers/STM32F4xx_HAL_Driver/Src/stm32f4xx_hal_pcd.o
                0x08001a68                HAL_PCD_EP_Open
 .text.HAL_PCD_EP_Close
                0x08001ad0       0x56 Drivers/STM32F4xx_HAL_Driver/Src/stm32f4xx_hal_pcd.o
                0x08001ad0                HAL_PCD_EP_Close
 .text.HAL_PCD_EP_Receive
                0x08001b26       0x5a Drivers/STM32F4xx_HAL_Driver/Src/stm32f4xx_hal_pcd.o
                0x08001b26                HAL_PCD_EP_Receive
 .text.HAL_PCD_EP_GetRxCount
                0x08001b80       0x12 Drivers/STM32F4xx_HAL_Driver/Src/stm32f4xx_hal_pcd.o
                0x08001b80                HAL_PCD_EP_GetRxCount
 .text.HAL_PCD_EP_Transmit
                0x08001b92       0x52 Drivers/STM32F4xx_HAL_Driver/Src/stm32f4xx_hal_pcd.o
                0x08001b92                HAL_PCD_EP_Transmit
 .text.HAL_PCD_EP_SetStall
                0x08001be4       0x66 Drivers/STM32F4xx_HAL_Driver/Src/stm32f4xx_hal_pcd.o
                0x08001be4                HAL_PCD_EP_SetStall
 .text.HAL_PCD_EP_ClrStall
                0x08001c4a       0x56 Drivers/STM32F4xx_HAL_Driver/Src/stm32f4xx_hal_pcd.o
                0x08001c4a                HAL_PCD_EP_ClrStall
 .text.HAL_PCDEx_SetTxFiFo
                0x08001ca0       0x48 Drivers/STM32F4xx_HAL_Driver/Src/stm32f4xx_hal_pcd_ex.o
                0x08001ca0                HAL_PCDEx_SetTxFiFo
 .text.HAL_PCDEx_SetRxFiFo
                0x08001ce8        0x8 Drivers/STM32F4xx_HAL_Driver/Src/stm32f4xx_hal_pcd_ex.o
                0x08001ce8                HAL_PCDEx_SetRxFiFo
 .text.HAL_RCC_OscConfig
                0x08001cf0      0x378 Drivers/STM32F4xx_HAL_Driver/Src/stm32f4xx_hal_rcc.o
                0x08001cf0                HAL_RCC_OscConfig
 .text.HAL_RCC_GetSysClockFreq
                0x08002068       0xd8 Drivers/STM32F4xx_HAL_Driver/Src/stm32f4xx_hal_rcc.o
                0x08002068                HAL_RCC_GetSysClockFreq
 .text.HAL_RCC_ClockConfig
                0x08002140      0x158 Drivers/STM32F4xx_HAL_Driver/Src/stm32f4xx_hal_rcc.o
                0x08002140                HAL_RCC_ClockConfig
 .text.HAL_RCC_GetHCLKFreq
                0x08002298        0xc Drivers/STM32F4xx_HAL_Driver/Src/stm32f4xx_hal_rcc.o
                0x08002298                HAL_RCC_GetHCLKFreq
 .text.USB_CoreInit
                0x080022a4       0x7c Drivers/STM32F4xx_HAL_Driver/Src/stm32f4xx_ll_usb.o
                0x080022a4                USB_CoreInit
 .text.USB_EnableGlobalInt
                0x08002320        0xc Drivers/STM32F4xx_HAL_Driver/Src/stm32f4xx_ll_usb.o
                0x08002320                USB_EnableGlobalInt
 .text.USB_DisableGlobalInt
                0x0800232c        0xc Drivers/STM32F4xx_HAL_Driver/Src/stm32f4xx_ll_usb.o
                0x0800232c                USB_DisableGlobalInt
 .text.USB_SetCurrentMode
                0x08002338       0x2c Drivers/STM32F4xx_HAL_Driver/Src/stm32f4xx_ll_usb.o
                0x08002338                USB_SetCurrentMode
 .text.USB_DevInit
                0x08002364      0x150 Drivers/STM32F4xx_HAL_Driver/Src/stm32f4xx_ll_usb.o
                0x08002364                USB_DevInit
 .text.USB_FlushTxFifo
                0x080024b4       0x28 Drivers/STM32F4xx_HAL_Driver/Src/stm32f4xx_ll_usb.o
                0x080024b4                USB_FlushTxFifo
 .text.USB_FlushRxFifo
                0x080024dc       0x24 Drivers/STM32F4xx_HAL_Driver/Src/stm32f4xx_ll_usb.o
                0x080024dc                USB_FlushRxFifo
 .text.USB_SetDevSpeed
                0x08002500        0xe Drivers/STM32F4xx_HAL_Driver/Src/stm32f4xx_ll_usb.o
                0x08002500                USB_SetDevSpeed
 .text.USB_GetDevSpeed
                0x0800250e       0x40 Drivers/STM32F4xx_HAL_Driver/Src/stm32f4xx_ll_usb.o
                0x0800250e                USB_GetDevSpeed
 .text.USB_ActivateEndpoint
                0x0800254e       0x92 Drivers/STM32F4xx_HAL_Driver/Src/stm32f4xx_ll_usb.o
                0x0800254e                USB_ActivateEndpoint
 .text.USB_DeactivateEndpoint
                0x080025e0       0xf0 Drivers/STM32F4xx_HAL_Driver/Src/stm32f4xx_ll_usb.o
                0x080025e0                USB_DeactivateEndpoint
 .text.USB_EPStartXfer
                0x080026d0      0x264 Drivers/STM32F4xx_HAL_Driver/Src/stm32f4xx_ll_usb.o
                0x080026d0                USB_EPStartXfer
 .text.USB_EP0StartXfer
                0x08002934      0x160 Drivers/STM32F4xx_HAL_Driver/Src/stm32f4xx_ll_usb.o
                0x08002934                USB_EP0StartXfer
 .text.USB_WritePacket
                0x08002a94       0x28 Drivers/STM32F4xx_HAL_Driver/Src/stm32f4xx_ll_usb.o
                0x08002a94                USB_WritePacket
 .text.USB_ReadPacket
                0x08002abc       0x28 Drivers/STM32F4xx_HAL_Driver/Src/stm32f4xx_ll_usb.o
                0x08002abc                USB_ReadPacket
 .text.USB_EPSetStall
                0x08002ae4       0x64 Drivers/STM32F4xx_HAL_Driver/Src/stm32f4xx_ll_usb.o
                0x08002ae4                USB_EPSetStall
 .text.USB_EPClearStall
                0x08002b48       0x6a Drivers/STM32F4xx_HAL_Driver/Src/stm32f4xx_ll_usb.o
                0x08002b48                USB_EPClearStall
 .text.USB_SetDevAddress
                0x08002bb2       0x20 Drivers/STM32F4xx_HAL_Driver/Src/stm32f4xx_ll_usb.o
                0x08002bb2                USB_SetDevAddress
 .text.USB_DevConnect
                0x08002bd2       0x18 Drivers/STM32F4xx_HAL_Driver/Src/stm32f4xx_ll_usb.o
                0x08002bd2                USB_DevConnect
 .text.USB_DevDisconnect
                0x08002bea       0x18 Drivers/STM32F4xx_HAL_Driver/Src/stm32f4xx_ll_usb.o
                0x08002bea                USB_DevDisconnect
 .text.USB_ReadInterrupts
                0x08002c02        0x8 Drivers/STM32F4xx_HAL_Driver/Src/stm32f4xx_ll_usb.o
                0x08002c02                USB_ReadInterrupts
 .text.USB_ReadDevAllOutEpInterrupt
                0x08002c0a       0x10 Drivers/STM32F4xx_HAL_Driver/Src/stm32f4xx_ll_usb.o
                0x08002c0a                USB_ReadDevAllOutEpInterrupt
 .text.USB_ReadDevAllInEpInterrupt
                0x08002c1a       0x10 Drivers/STM32F4xx_HAL_Driver/Src/stm32f4xx_ll_usb.o
                0x08002c1a                USB_ReadDevAllInEpInterrupt
 .text.USB_ReadDevOutEPInterrupt
                0x08002c2a       0x12 Drivers/STM32F4xx_HAL_Driver/Src/stm32f4xx_ll_usb.o
                0x08002c2a                USB_ReadDevOutEPInterrupt
 .text.USB_ReadDevInEPInterrupt
                0x08002c3c       0x24 Drivers/STM32F4xx_HAL_Driver/Src/stm32f4xx_ll_usb.o
                0x08002c3c                USB_ReadDevInEPInterrupt
 .text.USB_GetMode
                0x08002c60        0x8 Drivers/STM32F4xx_HAL_Driver/Src/stm32f4xx_ll_usb.o
                0x08002c60                USB_GetMode
 .text.USB_ActivateSetup
                0x08002c68       0x38 Drivers/STM32F4xx_HAL_Driver/Src/stm32f4xx_ll_usb.o
                0x08002c68                USB_ActivateSetup
 .text.USB_EP0_OutStart
                0x08002ca0       0x46 Drivers/STM32F4xx_HAL_Driver/Src/stm32f4xx_ll_usb.o
                0x08002ca0                USB_EP0_OutStart
 *fill*         0x08002ce6        0x2 
 .text.USB_CoreReset
                0x08002ce8       0x3c Drivers/STM32F4xx_HAL_Driver/Src/stm32f4xx_ll_usb.o
 .text.USBD_CDC_DataIn
                0x08002d24       0x12 Middlewares/ST/STM32_USB_Device_Library/Class/CDC/Src/usbd_cdc.o
 .text.USBD_CDC_EP0_RxReady
                0x08002d36       0x28 Middlewares/ST/STM32_USB_Device_Library/Class/CDC/Src/usbd_cdc.o
 *fill*         0x08002d5e        0x2 
 .text.USBD_CDC_GetFSCfgDesc
                0x08002d60        0xc Middlewares/ST/STM32_USB_Device_Library/Class/CDC/Src/usbd_cdc.o
 .text.USBD_CDC_GetHSCfgDesc
                0x08002d6c        0xc Middlewares/ST/STM32_USB_Device_Library/Class/CDC/Src/usbd_cdc.o
 .text.USBD_CDC_GetOtherSpeedCfgDesc
                0x08002d78        0xc Middlewares/ST/STM32_USB_Device_Library/Class/CDC/Src/usbd_cdc.o
 .text.USBD_CDC_GetDeviceQualifierDescriptor
                0x08002d84        0xc Middlewares/ST/STM32_USB_Device_Library/Class/CDC/Src/usbd_cdc.o
                0x08002d84                USBD_CDC_GetDeviceQualifierDescriptor
 .text.USBD_CDC_DataOut
                0x08002d90       0x2e Middlewares/ST/STM32_USB_Device_Library/Class/CDC/Src/usbd_cdc.o
 *fill*         0x08002dbe        0x2 
 .text.USBD_CDC_Setup
                0x08002dc0       0x74 Middlewares/ST/STM32_USB_Device_Library/Class/CDC/Src/usbd_cdc.o
 .text.USBD_CDC_DeInit
                0x08002e34       0x3a Middlewares/ST/STM32_USB_Device_Library/Class/CDC/Src/usbd_cdc.o
 .text.USBD_CDC_Init
                0x08002e6e       0x96 Middlewares/ST/STM32_USB_Device_Library/Class/CDC/Src/usbd_cdc.o
 .text.USBD_CDC_RegisterInterface
                0x08002f04        0xe Middlewares/ST/STM32_USB_Device_Library/Class/CDC/Src/usbd_cdc.o
                0x08002f04                USBD_CDC_RegisterInterface
 .text.USBD_CDC_SetTxBuffer
                0x08002f12       0x10 Middlewares/ST/STM32_USB_Device_Library/Class/CDC/Src/usbd_cdc.o
                0x08002f12                USBD_CDC_SetTxBuffer
 .text.USBD_CDC_SetRxBuffer
                0x08002f22        0xc Middlewares/ST/STM32_USB_Device_Library/Class/CDC/Src/usbd_cdc.o
                0x08002f22                USBD_CDC_SetRxBuffer
 .text.USBD_CDC_TransmitPacket
                0x08002f2e       0x2e Middlewares/ST/STM32_USB_Device_Library/Class/CDC/Src/usbd_cdc.o
                0x08002f2e                USBD_CDC_TransmitPacket
 .text.USBD_CDC_ReceivePacket
                0x08002f5c       0x32 Middlewares/ST/STM32_USB_Device_Library/Class/CDC/Src/usbd_cdc.o
                0x08002f5c                USBD_CDC_ReceivePacket
 .text.USBD_Init
                0x08002f8e       0x2e Middlewares/ST/STM32_USB_Device_Library/Core/Src/usbd_core.o
                0x08002f8e                USBD_Init
 .text.USBD_RegisterClass
                0x08002fbc        0xe Middlewares/ST/STM32_USB_Device_Library/Core/Src/usbd_core.o
                0x08002fbc                USBD_RegisterClass
 .text.USBD_Start
                0x08002fca        0xa Middlewares/ST/STM32_USB_Device_Library/Core/Src/usbd_core.o
                0x08002fca                USBD_Start
 .text.USBD_SetClassConfig
                0x08002fd4       0x1a Middlewares/ST/STM32_USB_Device_Library/Core/Src/usbd_core.o
                0x08002fd4                USBD_SetClassConfig
 .text.USBD_ClrClassConfig
                0x08002fee        0xe Middlewares/ST/STM32_USB_Device_Library/Core/Src/usbd_core.o
                0x08002fee                USBD_ClrClassConfig
 .text.USBD_LL_SetupStage
                0x08002ffc       0x5a Middlewares/ST/STM32_USB_Device_Library/Core/Src/usbd_core.o
                0x08002ffc                USBD_LL_SetupStage
 .text.USBD_LL_DataOutStage
                0x08003056       0x6a Middlewares/ST/STM32_USB_Device_Library/Core/Src/usbd_core.o
                0x08003056                USBD_LL_DataOutStage
 .text.USBD_LL_DataInStage
                0x080030c0       0xb0 Middlewares/ST/STM32_USB_Device_Library/Core/Src/usbd_core.o
                0x080030c0                USBD_LL_DataInStage
 .text.USBD_LL_Reset
                0x08003170       0x3e Middlewares/ST/STM32_USB_Device_Library/Core/Src/usbd_core.o
                0x08003170                USBD_LL_Reset
 .text.USBD_LL_SetSpeed
                0x080031ae        0x6 Middlewares/ST/STM32_USB_Device_Library/Core/Src/usbd_core.o
                0x080031ae                USBD_LL_SetSpeed
 .text.USBD_LL_Suspend
                0x080031b4       0x12 Middlewares/ST/STM32_USB_Device_Library/Core/Src/usbd_core.o
                0x080031b4                USBD_LL_Suspend
 .text.USBD_LL_Resume
                0x080031c6        0xc Middlewares/ST/STM32_USB_Device_Library/Core/Src/usbd_core.o
                0x080031c6                USBD_LL_Resume
 .text.USBD_LL_SOF
                0x080031d2       0x1c Middlewares/ST/STM32_USB_Device_Library/Core/Src/usbd_core.o
                0x080031d2                USBD_LL_SOF
 .text.USBD_LL_IsoINIncomplete
                0x080031ee        0x4 Middlewares/ST/STM32_USB_Device_Library/Core/Src/usbd_core.o
                0x080031ee                USBD_LL_IsoINIncomplete
 .text.USBD_LL_IsoOUTIncomplete
                0x080031f2        0x4 Middlewares/ST/STM32_USB_Device_Library/Core/Src/usbd_core.o
                0x080031f2                USBD_LL_IsoOUTIncomplete
 .text.USBD_LL_DevConnected
                0x080031f6        0x4 Middlewares/ST/STM32_USB_Device_Library/Core/Src/usbd_core.o
                0x080031f6                USBD_LL_DevConnected
 .text.USBD_LL_DevDisconnected
                0x080031fa       0x16 Middlewares/ST/STM32_USB_Device_Library/Core/Src/usbd_core.o
                0x080031fa                USBD_LL_DevDisconnected
 .text.USBD_GetLen
                0x08003210       0x14 Middlewares/ST/STM32_USB_Device_Library/Core/Src/usbd_ctlreq.o
 .text.USBD_SetFeature
                0x08003224       0x20 Middlewares/ST/STM32_USB_Device_Library/Core/Src/usbd_ctlreq.o
 .text.USBD_ParseSetupRequest
                0x08003244       0x28 Middlewares/ST/STM32_USB_Device_Library/Core/Src/usbd_ctlreq.o
                0x08003244                USBD_ParseSetupRequest
 .text.USBD_CtlError
                0x0800326c       0x14 Middlewares/ST/STM32_USB_Device_Library/Core/Src/usbd_ctlreq.o
                0x0800326c                USBD_CtlError
 .text.USBD_GetDescriptor
                0x08003280      0x132 Middlewares/ST/STM32_USB_Device_Library/Core/Src/usbd_ctlreq.o
 .text.USBD_SetAddress
                0x080033b2       0x4a Middlewares/ST/STM32_USB_Device_Library/Core/Src/usbd_ctlreq.o
 .text.USBD_SetConfig
                0x080033fc       0xa4 Middlewares/ST/STM32_USB_Device_Library/Core/Src/usbd_ctlreq.o
 .text.USBD_GetConfig
                0x080034a0       0x3a Middlewares/ST/STM32_USB_Device_Library/Core/Src/usbd_ctlreq.o
 .text.USBD_GetStatus
                0x080034da       0x2c Middlewares/ST/STM32_USB_Device_Library/Core/Src/usbd_ctlreq.o
 .text.USBD_ClrFeature
                0x08003506       0x30 Middlewares/ST/STM32_USB_Device_Library/Core/Src/usbd_ctlreq.o
 .text.USBD_StdDevReq
                0x08003536       0x48 Middlewares/ST/STM32_USB_Device_Library/Core/Src/usbd_ctlreq.o
                0x08003536                USBD_StdDevReq
 .text.USBD_StdItfReq
                0x0800357e       0x38 Middlewares/ST/STM32_USB_Device_Library/Core/Src/usbd_ctlreq.o
                0x0800357e                USBD_StdItfReq
 .text.USBD_StdEPReq
                0x080035b6      0x118 Middlewares/ST/STM32_USB_Device_Library/Core/Src/usbd_ctlreq.o
                0x080035b6                USBD_StdEPReq
 .text.USBD_GetString
                0x080036ce       0x3a Middlewares/ST/STM32_USB_Device_Library/Core/Src/usbd_ctlreq.o
                0x080036ce                USBD_GetString
 .text.USBD_CtlSendData
                0x08003708       0x1a Middlewares/ST/STM32_USB_Device_Library/Core/Src/usbd_ioreq.o
                0x08003708                USBD_CtlSendData
 .text.USBD_CtlContinueSendData
                0x08003722       0x10 Middlewares/ST/STM32_USB_Device_Library/Core/Src/usbd_ioreq.o
                0x08003722                USBD_CtlContinueSendData
 .text.USBD_CtlPrepareRx
                0x08003732       0x1e Middlewares/ST/STM32_USB_Device_Library/Core/Src/usbd_ioreq.o
                0x08003732                USBD_CtlPrepareRx
 .text.USBD_CtlContinueRx
                0x08003750       0x10 Middlewares/ST/STM32_USB_Device_Library/Core/Src/usbd_ioreq.o
                0x08003750                USBD_CtlContinueRx
 .text.USBD_CtlSendStatus
                0x08003760       0x16 Middlewares/ST/STM32_USB_Device_Library/Core/Src/usbd_ioreq.o
                0x08003760                USBD_CtlSendStatus
 .text.USBD_CtlReceiveStatus
                0x08003776       0x16 Middlewares/ST/STM32_USB_Device_Library/Core/Src/usbd_ioreq.o
                0x08003776                USBD_CtlReceiveStatus
 .text.MX_GPIO_Init
                0x0800378c      0x1b8 Src/main.o
 .text.MX_DMA_Init
                0x08003944       0x44 Src/main.o
 .text.hex_to_bin
                0x08003988       0x10 Src/main.o
                0x08003988                hex_to_bin
 .text.insert_bit
                0x08003998       0x3e Src/main.o
                0x08003998                insert_bit
 *fill*         0x080039d6        0x2 
 .text.readBlock
                0x080039d8       0x7c Src/main.o
                0x080039d8                readBlock
 .text.getNumFrames
                0x08003a54        0x8 Src/main.o
 .text.strobeHigh
                0x08003a5c       0x28 Src/main.o
                0x08003a5c                strobeHigh
 .text.strobeLow
                0x08003a84       0x28 Src/main.o
                0x08003a84                strobeLow
 .text.captureFrame
                0x08003aac      0x1fc Src/main.o
                0x08003aac                captureFrame
 .text.getCommand
                0x08003ca8        0xc Src/main.o
                0x08003ca8                getCommand
 .text.setCommand
                0x08003cb4       0x18 Src/main.o
                0x08003cb4                setCommand
 .text.captureSingleFrame
                0x08003ccc        0xe Src/main.o
                0x08003ccc                captureSingleFrame
 *fill*         0x08003cda        0x2 
 .text.newSqTable
                0x08003cdc      0x348 Src/main.o
                0x08003cdc                newSqTable
 .text.adcTest  0x08004024       0x40 Src/main.o
 .text.calibrateChannels
                0x08004064       0xf8 Src/main.o
 .text.executeCommand
                0x0800415c       0x98 Src/main.o
 .text.receiveCommand
                0x080041f4       0xdc Src/main.o
                0x080041f4                receiveCommand
 .text._Error_Handler
                0x080042d0        0x2 Src/main.o
                0x080042d0                _Error_Handler
 *fill*         0x080042d2        0x2 
 .text.MX_ADC1_Init
                0x080042d4      0x244 Src/main.o
 .text.MX_ADC2_Init
                0x08004518      0x244 Src/main.o
 .text.SystemClock_Config
                0x0800475c       0xcc Src/main.o
                0x0800475c                SystemClock_Config
 .text.main     0x08004828       0x24 Src/main.o
                0x08004828                main
 .text.HAL_MspInit
                0x0800484c       0x5e Src/stm32f4xx_hal_msp.o
                0x0800484c                HAL_MspInit
 *fill*         0x080048aa        0x2 
 .text.HAL_ADC_MspInit
                0x080048ac      0x168 Src/stm32f4xx_hal_msp.o
                0x080048ac                HAL_ADC_MspInit
 .text.SVC_Handler
                0x08004a14        0x2 Src/stm32f4xx_it.o
                0x08004a14                SVC_Handler
 .text.PendSV_Handler
                0x08004a16        0x2 Src/stm32f4xx_it.o
                0x08004a16                PendSV_Handler
 .text.SysTick_Handler
                0x08004a18        0xc Src/stm32f4xx_it.o
                0x08004a18                SysTick_Handler
 .text.DMA2_Stream0_IRQHandler
                0x08004a24       0x10 Src/stm32f4xx_it.o
                0x08004a24                DMA2_Stream0_IRQHandler
 .text.DMA2_Stream2_IRQHandler
                0x08004a34       0x10 Src/stm32f4xx_it.o
                0x08004a34                DMA2_Stream2_IRQHandler
 .text.OTG_FS_IRQHandler
                0x08004a44       0x10 Src/stm32f4xx_it.o
                0x08004a44                OTG_FS_IRQHandler
 .text.SystemInit
                0x08004a54       0x4c Src/system_stm32f4xx.o
                0x08004a54                SystemInit
 .text.MX_USB_DEVICE_Init
                0x08004aa0       0x38 Src/usb_device.o
                0x08004aa0                MX_USB_DEVICE_Init
 .text.CDC_DeInit_FS
                0x08004ad8        0x4 Src/usbd_cdc_if.o
 .text.CDC_Control_FS
                0x08004adc        0x4 Src/usbd_cdc_if.o
 .text.CDC_Init_FS
                0x08004ae0       0x28 Src/usbd_cdc_if.o
 .text.CDC_Transmit_FS
                0x08004b08       0x2c Src/usbd_cdc_if.o
                0x08004b08                CDC_Transmit_FS
 .text.getBufferReceived
                0x08004b34        0x8 Src/usbd_cdc_if.o
                0x08004b34                getBufferReceived
 .text.getStatus
                0x08004b3c        0xc Src/usbd_cdc_if.o
                0x08004b3c                getStatus
 .text.setStatus
                0x08004b48        0xc Src/usbd_cdc_if.o
                0x08004b48                setStatus
 .text.getRearPointer
                0x08004b54        0xc Src/usbd_cdc_if.o
                0x08004b54                getRearPointer
 .text.setRearPointer
                0x08004b60        0xc Src/usbd_cdc_if.o
                0x08004b60                setRearPointer
 .text.getFrontPointer
                0x08004b6c        0xc Src/usbd_cdc_if.o
                0x08004b6c                getFrontPointer
 .text.CDC_Receive_FS
                0x08004b78       0x90 Src/usbd_cdc_if.o
 .text.setFrontPointer
                0x08004c08        0xc Src/usbd_cdc_if.o
                0x08004c08                setFrontPointer
 .text.HAL_PCD_MspInit
                0x08004c14       0x78 Src/usbd_conf.o
                0x08004c14                HAL_PCD_MspInit
 .text.HAL_PCD_SetupStageCallback
                0x08004c8c       0x10 Src/usbd_conf.o
                0x08004c8c                HAL_PCD_SetupStageCallback
 .text.HAL_PCD_DataOutStageCallback
                0x08004c9c       0x18 Src/usbd_conf.o
                0x08004c9c                HAL_PCD_DataOutStageCallback
 .text.HAL_PCD_DataInStageCallback
                0x08004cb4       0x16 Src/usbd_conf.o
                0x08004cb4                HAL_PCD_DataInStageCallback
 .text.HAL_PCD_SOFCallback
                0x08004cca        0xc Src/usbd_conf.o
                0x08004cca                HAL_PCD_SOFCallback
 .text.HAL_PCD_ResetCallback
                0x08004cd6       0x20 Src/usbd_conf.o
                0x08004cd6                HAL_PCD_ResetCallback
 *fill*         0x08004cf6        0x2 
 .text.HAL_PCD_SuspendCallback
                0x08004cf8       0x30 Src/usbd_conf.o
                0x08004cf8                HAL_PCD_SuspendCallback
 .text.HAL_PCD_ResumeCallback
                0x08004d28        0xc Src/usbd_conf.o
                0x08004d28                HAL_PCD_ResumeCallback
 .text.HAL_PCD_ISOOUTIncompleteCallback
                0x08004d34        0xc Src/usbd_conf.o
                0x08004d34                HAL_PCD_ISOOUTIncompleteCallback
 .text.HAL_PCD_ISOINIncompleteCallback
                0x08004d40        0xc Src/usbd_conf.o
                0x08004d40                HAL_PCD_ISOINIncompleteCallback
 .text.HAL_PCD_ConnectCallback
                0x08004d4c        0xc Src/usbd_conf.o
                0x08004d4c                HAL_PCD_ConnectCallback
 .text.HAL_PCD_DisconnectCallback
                0x08004d58        0xc Src/usbd_conf.o
                0x08004d58                HAL_PCD_DisconnectCallback
 .text.USBD_LL_Init
                0x08004d64       0x74 Src/usbd_conf.o
                0x08004d64                USBD_LL_Init
 .text.USBD_LL_Start
                0x08004dd8       0x1c Src/usbd_conf.o
                0x08004dd8                USBD_LL_Start
 .text.USBD_LL_OpenEP
                0x08004df4       0x22 Src/usbd_conf.o
                0x08004df4                USBD_LL_OpenEP
 .text.USBD_LL_CloseEP
                0x08004e16       0x1c Src/usbd_conf.o
                0x08004e16                USBD_LL_CloseEP
 .text.USBD_LL_StallEP
                0x08004e32       0x1c Src/usbd_conf.o
                0x08004e32                USBD_LL_StallEP
 .text.USBD_LL_ClearStallEP
                0x08004e4e       0x1c Src/usbd_conf.o
                0x08004e4e                USBD_LL_ClearStallEP
 .text.USBD_LL_IsStallEP
                0x08004e6a       0x2e Src/usbd_conf.o
                0x08004e6a                USBD_LL_IsStallEP
 .text.USBD_LL_SetUSBAddress
                0x08004e98       0x1c Src/usbd_conf.o
                0x08004e98                USBD_LL_SetUSBAddress
 .text.USBD_LL_Transmit
                0x08004eb4       0x1c Src/usbd_conf.o
                0x08004eb4                USBD_LL_Transmit
 .text.USBD_LL_PrepareReceive
                0x08004ed0       0x1c Src/usbd_conf.o
                0x08004ed0                USBD_LL_PrepareReceive
 .text.USBD_LL_GetRxDataSize
                0x08004eec        0xc Src/usbd_conf.o
                0x08004eec                USBD_LL_GetRxDataSize
 .text.USBD_FS_DeviceDescriptor
                0x08004ef8        0xc Src/usbd_desc.o
                0x08004ef8                USBD_FS_DeviceDescriptor
 .text.USBD_FS_LangIDStrDescriptor
                0x08004f04        0xc Src/usbd_desc.o
                0x08004f04                USBD_FS_LangIDStrDescriptor
 .text.USBD_FS_ProductStrDescriptor
                0x08004f10       0x24 Src/usbd_desc.o
                0x08004f10                USBD_FS_ProductStrDescriptor
 .text.USBD_FS_ManufacturerStrDescriptor
                0x08004f34       0x1c Src/usbd_desc.o
                0x08004f34                USBD_FS_ManufacturerStrDescriptor
 .text.USBD_FS_SerialStrDescriptor
                0x08004f50       0x24 Src/usbd_desc.o
                0x08004f50                USBD_FS_SerialStrDescriptor
 .text.USBD_FS_ConfigStrDescriptor
                0x08004f74       0x24 Src/usbd_desc.o
                0x08004f74                USBD_FS_ConfigStrDescriptor
 .text.USBD_FS_InterfaceStrDescriptor
                0x08004f98       0x24 Src/usbd_desc.o
                0x08004f98                USBD_FS_InterfaceStrDescriptor
 .text.Reset_Handler
                0x08004fbc       0x50 startup/startup_stm32f407xx.o
                0x08004fbc                Reset_Handler
 .text.Default_Handler
                0x0800500c        0x2 startup/startup_stm32f407xx.o
                0x0800500c                RTC_Alarm_IRQHandler
                0x0800500c                HASH_RNG_IRQHandler
                0x0800500c                EXTI2_IRQHandler
                0x0800500c                TIM8_CC_IRQHandler
                0x0800500c                DebugMon_Handler
                0x0800500c                TIM1_CC_IRQHandler
                0x0800500c                DMA2_Stream5_IRQHandler
                0x0800500c                HardFault_Handler
                0x0800500c                DMA1_Stream5_IRQHandler
                0x0800500c                PVD_IRQHandler
                0x0800500c                SDIO_IRQHandler
                0x0800500c                TAMP_STAMP_IRQHandler
                0x0800500c                NMI_Handler
                0x0800500c                CAN2_RX1_IRQHandler
                0x0800500c                EXTI3_IRQHandler
                0x0800500c                TIM8_TRG_COM_TIM14_IRQHandler
                0x0800500c                TIM1_UP_TIM10_IRQHandler
                0x0800500c                TIM8_UP_TIM13_IRQHandler
                0x0800500c                I2C3_ER_IRQHandler
                0x0800500c                EXTI0_IRQHandler
                0x0800500c                I2C2_EV_IRQHandler
                0x0800500c                DMA1_Stream2_IRQHandler
                0x0800500c                CAN1_RX0_IRQHandler
                0x0800500c                FPU_IRQHandler
                0x0800500c                OTG_HS_WKUP_IRQHandler
                0x0800500c                UsageFault_Handler
                0x0800500c                CAN2_SCE_IRQHandler
                0x0800500c                SPI1_IRQHandler
                0x0800500c                TIM6_DAC_IRQHandler
                0x0800500c                TIM1_BRK_TIM9_IRQHandler
                0x0800500c                DCMI_IRQHandler
                0x0800500c                CAN2_RX0_IRQHandler
                0x0800500c                DMA2_Stream3_IRQHandler
                0x0800500c                USART6_IRQHandler
                0x0800500c                USART3_IRQHandler
                0x0800500c                CAN1_RX1_IRQHandler
                0x0800500c                UART5_IRQHandler
                0x0800500c                TIM4_IRQHandler
                0x0800500c                I2C1_EV_IRQHandler
                0x0800500c                DMA1_Stream6_IRQHandler
                0x0800500c                DMA1_Stream1_IRQHandler
                0x0800500c                UART4_IRQHandler
                0x0800500c                TIM3_IRQHandler
                0x0800500c                RCC_IRQHandler
                0x0800500c                TIM8_BRK_TIM12_IRQHandler
                0x0800500c                Default_Handler
                0x0800500c                EXTI15_10_IRQHandler
                0x0800500c                ADC_IRQHandler
                0x0800500c                DMA1_Stream7_IRQHandler
                0x0800500c                TIM7_IRQHandler
                0x0800500c                CAN2_TX_IRQHandler
                0x0800500c                TIM5_IRQHandler
                0x0800500c                DMA2_Stream7_IRQHandler
                0x0800500c                I2C3_EV_IRQHandler
                0x0800500c                EXTI9_5_IRQHandler
                0x0800500c                RTC_WKUP_IRQHandler
                0x0800500c                ETH_WKUP_IRQHandler
                0x0800500c                SPI2_IRQHandler
                0x0800500c                OTG_HS_EP1_IN_IRQHandler
                0x0800500c                MemManage_Handler
                0x0800500c                DMA1_Stream0_IRQHandler
                0x0800500c                CAN1_TX_IRQHandler
                0x0800500c                EXTI4_IRQHandler
                0x0800500c                FSMC_IRQHandler
                0x0800500c                ETH_IRQHandler
                0x0800500c                OTG_HS_EP1_OUT_IRQHandler
                0x0800500c                WWDG_IRQHandler
                0x0800500c                TIM2_IRQHandler
                0x0800500c                OTG_FS_WKUP_IRQHandler
                0x0800500c                TIM1_TRG_COM_TIM11_IRQHandler
                0x0800500c                OTG_HS_IRQHandler
                0x0800500c                EXTI1_IRQHandler
                0x0800500c                USART2_IRQHandler
                0x0800500c                I2C2_ER_IRQHandler
                0x0800500c                DMA2_Stream1_IRQHandler
                0x0800500c                CAN1_SCE_IRQHandler
                0x0800500c                FLASH_IRQHandler
                0x0800500c                DMA2_Stream4_IRQHandler
                0x0800500c                BusFault_Handler
                0x0800500c                USART1_IRQHandler
                0x0800500c                SPI3_IRQHandler
                0x0800500c                DMA1_Stream4_IRQHandler
                0x0800500c                I2C1_ER_IRQHandler
                0x0800500c                DMA2_Stream6_IRQHandler
                0x0800500c                DMA1_Stream3_IRQHandler
 *fill*         0x0800500e        0x2 
 .text.__assert_func
                0x08005010       0x3c c:/ac6/systemworkbench/plugins/fr.ac6.mcu.externaltools.arm-none.win32_1.16.0.201807130628/tools/compiler/bin/../lib/gcc/arm-none-eabi/7.2.1/../../../../arm-none-eabi/lib/thumb/v7e-m/fpv4-sp/hard\libc_nano.a(lib_a-assert.o)
                0x08005010                __assert_func
 .text.fprintf  0x0800504c       0x24 c:/ac6/systemworkbench/plugins/fr.ac6.mcu.externaltools.arm-none.win32_1.16.0.201807130628/tools/compiler/bin/../lib/gcc/arm-none-eabi/7.2.1/../../../../arm-none-eabi/lib/thumb/v7e-m/fpv4-sp/hard\libc_nano.a(lib_a-fprintf.o)
                0x0800504c                fiprintf
                0x0800504c                fprintf
 .text.__libc_init_array
                0x08005070       0x48 c:/ac6/systemworkbench/plugins/fr.ac6.mcu.externaltools.arm-none.win32_1.16.0.201807130628/tools/compiler/bin/../lib/gcc/arm-none-eabi/7.2.1/../../../../arm-none-eabi/lib/thumb/v7e-m/fpv4-sp/hard\libc_nano.a(lib_a-init.o)
                0x08005070                __libc_init_array
 .text.malloc   0x080050b8       0x10 c:/ac6/systemworkbench/plugins/fr.ac6.mcu.externaltools.arm-none.win32_1.16.0.201807130628/tools/compiler/bin/../lib/gcc/arm-none-eabi/7.2.1/../../../../arm-none-eabi/lib/thumb/v7e-m/fpv4-sp/hard\libc_nano.a(lib_a-malloc.o)
                0x080050b8                malloc
 .text.free     0x080050c8       0x10 c:/ac6/systemworkbench/plugins/fr.ac6.mcu.externaltools.arm-none.win32_1.16.0.201807130628/tools/compiler/bin/../lib/gcc/arm-none-eabi/7.2.1/../../../../arm-none-eabi/lib/thumb/v7e-m/fpv4-sp/hard\libc_nano.a(lib_a-malloc.o)
                0x080050c8                free
 .text.memset   0x080050d8       0x10 c:/ac6/systemworkbench/plugins/fr.ac6.mcu.externaltools.arm-none.win32_1.16.0.201807130628/tools/compiler/bin/../lib/gcc/arm-none-eabi/7.2.1/../../../../arm-none-eabi/lib/thumb/v7e-m/fpv4-sp/hard\libc_nano.a(lib_a-memset.o)
                0x080050d8                memset
 .text._free_r  0x080050e8       0x9c c:/ac6/systemworkbench/plugins/fr.ac6.mcu.externaltools.arm-none.win32_1.16.0.201807130628/tools/compiler/bin/../lib/gcc/arm-none-eabi/7.2.1/../../../../arm-none-eabi/lib/thumb/v7e-m/fpv4-sp/hard\libc_nano.a(lib_a-nano-freer.o)
                0x080050e8                _free_r
 .text._malloc_r
                0x08005184       0xb4 c:/ac6/systemworkbench/plugins/fr.ac6.mcu.externaltools.arm-none.win32_1.16.0.201807130628/tools/compiler/bin/../lib/gcc/arm-none-eabi/7.2.1/../../../../arm-none-eabi/lib/thumb/v7e-m/fpv4-sp/hard\libc_nano.a(lib_a-nano-mallocr.o)
                0x08005184                _malloc_r
 .text.__sfputc_r
                0x08005238       0x2e c:/ac6/systemworkbench/plugins/fr.ac6.mcu.externaltools.arm-none.win32_1.16.0.201807130628/tools/compiler/bin/../lib/gcc/arm-none-eabi/7.2.1/../../../../arm-none-eabi/lib/thumb/v7e-m/fpv4-sp/hard\libc_nano.a(lib_a-nano-vfprintf.o)
 .text.__sfputs_r
                0x08005266       0x24 c:/ac6/systemworkbench/plugins/fr.ac6.mcu.externaltools.arm-none.win32_1.16.0.201807130628/tools/compiler/bin/../lib/gcc/arm-none-eabi/7.2.1/../../../../arm-none-eabi/lib/thumb/v7e-m/fpv4-sp/hard\libc_nano.a(lib_a-nano-vfprintf.o)
                0x08005266                __sfputs_r
 *fill*         0x0800528a        0x2 
 .text._vfprintf_r
                0x0800528c      0x228 c:/ac6/systemworkbench/plugins/fr.ac6.mcu.externaltools.arm-none.win32_1.16.0.201807130628/tools/compiler/bin/../lib/gcc/arm-none-eabi/7.2.1/../../../../arm-none-eabi/lib/thumb/v7e-m/fpv4-sp/hard\libc_nano.a(lib_a-nano-vfprintf.o)
                0x0800528c                _vfprintf_r
                0x0800528c                _vfiprintf_r
 .text._printf_common
                0x080054b4       0xea c:/ac6/systemworkbench/plugins/fr.ac6.mcu.externaltools.arm-none.win32_1.16.0.201807130628/tools/compiler/bin/../lib/gcc/arm-none-eabi/7.2.1/../../../../arm-none-eabi/lib/thumb/v7e-m/fpv4-sp/hard\libc_nano.a(lib_a-nano-vfprintf_i.o)
                0x080054b4                _printf_common
 *fill*         0x0800559e        0x2 
 .text._printf_i
                0x080055a0      0x224 c:/ac6/systemworkbench/plugins/fr.ac6.mcu.externaltools.arm-none.win32_1.16.0.201807130628/tools/compiler/bin/../lib/gcc/arm-none-eabi/7.2.1/../../../../arm-none-eabi/lib/thumb/v7e-m/fpv4-sp/hard\libc_nano.a(lib_a-nano-vfprintf_i.o)
                0x080055a0                _printf_i
 .text._sbrk_r  0x080057c4       0x20 c:/ac6/systemworkbench/plugins/fr.ac6.mcu.externaltools.arm-none.win32_1.16.0.201807130628/tools/compiler/bin/../lib/gcc/arm-none-eabi/7.2.1/../../../../arm-none-eabi/lib/thumb/v7e-m/fpv4-sp/hard\libc_nano.a(lib_a-sbrkr.o)
                0x080057c4                _sbrk_r
 .text.__swbuf_r
                0x080057e4       0xa4 c:/ac6/systemworkbench/plugins/fr.ac6.mcu.externaltools.arm-none.win32_1.16.0.201807130628/tools/compiler/bin/../lib/gcc/arm-none-eabi/7.2.1/../../../../arm-none-eabi/lib/thumb/v7e-m/fpv4-sp/hard\libc_nano.a(lib_a-wbuf.o)
                0x080057e4                __swbuf_r
 .text.__swsetup_r
                0x08005888       0xdc c:/ac6/systemworkbench/plugins/fr.ac6.mcu.externaltools.arm-none.win32_1.16.0.201807130628/tools/compiler/bin/../lib/gcc/arm-none-eabi/7.2.1/../../../../arm-none-eabi/lib/thumb/v7e-m/fpv4-sp/hard\libc_nano.a(lib_a-wsetup.o)
                0x08005888                __swsetup_r
 .text.abort    0x08005964        0xe c:/ac6/systemworkbench/plugins/fr.ac6.mcu.externaltools.arm-none.win32_1.16.0.201807130628/tools/compiler/bin/../lib/gcc/arm-none-eabi/7.2.1/../../../../arm-none-eabi/lib/thumb/v7e-m/fpv4-sp/hard\libc_nano.a(lib_a-abort.o)
                0x08005964                abort
 *fill*         0x08005972        0x2 
 .text.__sflush_r
                0x08005974      0x10c c:/ac6/systemworkbench/plugins/fr.ac6.mcu.externaltools.arm-none.win32_1.16.0.201807130628/tools/compiler/bin/../lib/gcc/arm-none-eabi/7.2.1/../../../../arm-none-eabi/lib/thumb/v7e-m/fpv4-sp/hard\libc_nano.a(lib_a-fflush.o)
                0x08005974                __sflush_r
 .text._fflush_r
                0x08005a80       0x54 c:/ac6/systemworkbench/plugins/fr.ac6.mcu.externaltools.arm-none.win32_1.16.0.201807130628/tools/compiler/bin/../lib/gcc/arm-none-eabi/7.2.1/../../../../arm-none-eabi/lib/thumb/v7e-m/fpv4-sp/hard\libc_nano.a(lib_a-fflush.o)
                0x08005a80                _fflush_r
 .text.std      0x08005ad4       0x48 c:/ac6/systemworkbench/plugins/fr.ac6.mcu.externaltools.arm-none.win32_1.16.0.201807130628/tools/compiler/bin/../lib/gcc/arm-none-eabi/7.2.1/../../../../arm-none-eabi/lib/thumb/v7e-m/fpv4-sp/hard\libc_nano.a(lib_a-findfp.o)
 .text._cleanup_r
                0x08005b1c        0xc c:/ac6/systemworkbench/plugins/fr.ac6.mcu.externaltools.arm-none.win32_1.16.0.201807130628/tools/compiler/bin/../lib/gcc/arm-none-eabi/7.2.1/../../../../arm-none-eabi/lib/thumb/v7e-m/fpv4-sp/hard\libc_nano.a(lib_a-findfp.o)
                0x08005b1c                _cleanup_r
 .text.__sfmoreglue
                0x08005b28       0x2c c:/ac6/systemworkbench/plugins/fr.ac6.mcu.externaltools.arm-none.win32_1.16.0.201807130628/tools/compiler/bin/../lib/gcc/arm-none-eabi/7.2.1/../../../../arm-none-eabi/lib/thumb/v7e-m/fpv4-sp/hard\libc_nano.a(lib_a-findfp.o)
                0x08005b28                __sfmoreglue
 .text.__sinit  0x08005b54       0x60 c:/ac6/systemworkbench/plugins/fr.ac6.mcu.externaltools.arm-none.win32_1.16.0.201807130628/tools/compiler/bin/../lib/gcc/arm-none-eabi/7.2.1/../../../../arm-none-eabi/lib/thumb/v7e-m/fpv4-sp/hard\libc_nano.a(lib_a-findfp.o)
                0x08005b54                __sinit
 .text.__sfp    0x08005bb4       0x78 c:/ac6/systemworkbench/plugins/fr.ac6.mcu.externaltools.arm-none.win32_1.16.0.201807130628/tools/compiler/bin/../lib/gcc/arm-none-eabi/7.2.1/../../../../arm-none-eabi/lib/thumb/v7e-m/fpv4-sp/hard\libc_nano.a(lib_a-findfp.o)
                0x08005bb4                __sfp
 .text._fwalk_reent
                0x08005c2c       0x3c c:/ac6/systemworkbench/plugins/fr.ac6.mcu.externaltools.arm-none.win32_1.16.0.201807130628/tools/compiler/bin/../lib/gcc/arm-none-eabi/7.2.1/../../../../arm-none-eabi/lib/thumb/v7e-m/fpv4-sp/hard\libc_nano.a(lib_a-fwalk.o)
                0x08005c2c                _fwalk_reent
 .text.__swhatbuf_r
                0x08005c68       0x48 c:/ac6/systemworkbench/plugins/fr.ac6.mcu.externaltools.arm-none.win32_1.16.0.201807130628/tools/compiler/bin/../lib/gcc/arm-none-eabi/7.2.1/../../../../arm-none-eabi/lib/thumb/v7e-m/fpv4-sp/hard\libc_nano.a(lib_a-makebuf.o)
                0x08005c68                __swhatbuf_r
 .text.__smakebuf_r
                0x08005cb0       0x80 c:/ac6/systemworkbench/plugins/fr.ac6.mcu.externaltools.arm-none.win32_1.16.0.201807130628/tools/compiler/bin/../lib/gcc/arm-none-eabi/7.2.1/../../../../arm-none-eabi/lib/thumb/v7e-m/fpv4-sp/hard\libc_nano.a(lib_a-makebuf.o)
                0x08005cb0                __smakebuf_r
 .text.__malloc_lock
                0x08005d30        0x2 c:/ac6/systemworkbench/plugins/fr.ac6.mcu.externaltools.arm-none.win32_1.16.0.201807130628/tools/compiler/bin/../lib/gcc/arm-none-eabi/7.2.1/../../../../arm-none-eabi/lib/thumb/v7e-m/fpv4-sp/hard\libc_nano.a(lib_a-mlock.o)
                0x08005d30                __malloc_lock
 .text.__malloc_unlock
                0x08005d32        0x2 c:/ac6/systemworkbench/plugins/fr.ac6.mcu.externaltools.arm-none.win32_1.16.0.201807130628/tools/compiler/bin/../lib/gcc/arm-none-eabi/7.2.1/../../../../arm-none-eabi/lib/thumb/v7e-m/fpv4-sp/hard\libc_nano.a(lib_a-mlock.o)
                0x08005d32                __malloc_unlock
 .text._raise_r
                0x08005d34       0x50 c:/ac6/systemworkbench/plugins/fr.ac6.mcu.externaltools.arm-none.win32_1.16.0.201807130628/tools/compiler/bin/../lib/gcc/arm-none-eabi/7.2.1/../../../../arm-none-eabi/lib/thumb/v7e-m/fpv4-sp/hard\libc_nano.a(lib_a-signal.o)
                0x08005d34                _raise_r
 .text.raise    0x08005d84       0x10 c:/ac6/systemworkbench/plugins/fr.ac6.mcu.externaltools.arm-none.win32_1.16.0.201807130628/tools/compiler/bin/../lib/gcc/arm-none-eabi/7.2.1/../../../../arm-none-eabi/lib/thumb/v7e-m/fpv4-sp/hard\libc_nano.a(lib_a-signal.o)
                0x08005d84                raise
 .text._kill_r  0x08005d94       0x24 c:/ac6/systemworkbench/plugins/fr.ac6.mcu.externaltools.arm-none.win32_1.16.0.201807130628/tools/compiler/bin/../lib/gcc/arm-none-eabi/7.2.1/../../../../arm-none-eabi/lib/thumb/v7e-m/fpv4-sp/hard\libc_nano.a(lib_a-signalr.o)
                0x08005d94                _kill_r
 .text._getpid_r
                0x08005db8        0x4 c:/ac6/systemworkbench/plugins/fr.ac6.mcu.externaltools.arm-none.win32_1.16.0.201807130628/tools/compiler/bin/../lib/gcc/arm-none-eabi/7.2.1/../../../../arm-none-eabi/lib/thumb/v7e-m/fpv4-sp/hard\libc_nano.a(lib_a-signalr.o)
                0x08005db8                _getpid_r
 .text.__sread  0x08005dbc       0x22 c:/ac6/systemworkbench/plugins/fr.ac6.mcu.externaltools.arm-none.win32_1.16.0.201807130628/tools/compiler/bin/../lib/gcc/arm-none-eabi/7.2.1/../../../../arm-none-eabi/lib/thumb/v7e-m/fpv4-sp/hard\libc_nano.a(lib_a-stdio.o)
                0x08005dbc                __sread
 .text.__swrite
                0x08005dde       0x38 c:/ac6/systemworkbench/plugins/fr.ac6.mcu.externaltools.arm-none.win32_1.16.0.201807130628/tools/compiler/bin/../lib/gcc/arm-none-eabi/7.2.1/../../../../arm-none-eabi/lib/thumb/v7e-m/fpv4-sp/hard\libc_nano.a(lib_a-stdio.o)
                0x08005dde                __swrite
 .text.__sseek  0x08005e16       0x24 c:/ac6/systemworkbench/plugins/fr.ac6.mcu.externaltools.arm-none.win32_1.16.0.201807130628/tools/compiler/bin/../lib/gcc/arm-none-eabi/7.2.1/../../../../arm-none-eabi/lib/thumb/v7e-m/fpv4-sp/hard\libc_nano.a(lib_a-stdio.o)
                0x08005e16                __sseek
 .text.__sclose
                0x08005e3a        0x8 c:/ac6/systemworkbench/plugins/fr.ac6.mcu.externaltools.arm-none.win32_1.16.0.201807130628/tools/compiler/bin/../lib/gcc/arm-none-eabi/7.2.1/../../../../arm-none-eabi/lib/thumb/v7e-m/fpv4-sp/hard\libc_nano.a(lib_a-stdio.o)
                0x08005e3a                __sclose
 *fill*         0x08005e42        0x2 
 .text._write_r
                0x08005e44       0x24 c:/ac6/systemworkbench/plugins/fr.ac6.mcu.externaltools.arm-none.win32_1.16.0.201807130628/tools/compiler/bin/../lib/gcc/arm-none-eabi/7.2.1/../../../../arm-none-eabi/lib/thumb/v7e-m/fpv4-sp/hard\libc_nano.a(lib_a-writer.o)
                0x08005e44                _write_r
 .text._close_r
                0x08005e68       0x20 c:/ac6/systemworkbench/plugins/fr.ac6.mcu.externaltools.arm-none.win32_1.16.0.201807130628/tools/compiler/bin/../lib/gcc/arm-none-eabi/7.2.1/../../../../arm-none-eabi/lib/thumb/v7e-m/fpv4-sp/hard\libc_nano.a(lib_a-closer.o)
                0x08005e68                _close_r
 .text._fstat_r
                0x08005e88       0x24 c:/ac6/systemworkbench/plugins/fr.ac6.mcu.externaltools.arm-none.win32_1.16.0.201807130628/tools/compiler/bin/../lib/gcc/arm-none-eabi/7.2.1/../../../../arm-none-eabi/lib/thumb/v7e-m/fpv4-sp/hard\libc_nano.a(lib_a-fstatr.o)
                0x08005e88                _fstat_r
 .text._isatty_r
                0x08005eac       0x20 c:/ac6/systemworkbench/plugins/fr.ac6.mcu.externaltools.arm-none.win32_1.16.0.201807130628/tools/compiler/bin/../lib/gcc/arm-none-eabi/7.2.1/../../../../arm-none-eabi/lib/thumb/v7e-m/fpv4-sp/hard\libc_nano.a(lib_a-isattyr.o)
                0x08005eac                _isatty_r
 .text._lseek_r
                0x08005ecc       0x24 c:/ac6/systemworkbench/plugins/fr.ac6.mcu.externaltools.arm-none.win32_1.16.0.201807130628/tools/compiler/bin/../lib/gcc/arm-none-eabi/7.2.1/../../../../arm-none-eabi/lib/thumb/v7e-m/fpv4-sp/hard\libc_nano.a(lib_a-lseekr.o)
                0x08005ecc                _lseek_r
 .text._read_r  0x08005ef0       0x24 c:/ac6/systemworkbench/plugins/fr.ac6.mcu.externaltools.arm-none.win32_1.16.0.201807130628/tools/compiler/bin/../lib/gcc/arm-none-eabi/7.2.1/../../../../arm-none-eabi/lib/thumb/v7e-m/fpv4-sp/hard\libc_nano.a(lib_a-readr.o)
                0x08005ef0                _read_r
 .text._close   0x08005f14       0x10 c:/ac6/systemworkbench/plugins/fr.ac6.mcu.externaltools.arm-none.win32_1.16.0.201807130628/tools/compiler/bin/../lib/gcc/arm-none-eabi/7.2.1/../../../../arm-none-eabi/lib/thumb/v7e-m/fpv4-sp/hard\libnosys.a(close.o)
                0x08005f14                _close
 .text._fstat   0x08005f24       0x10 c:/ac6/systemworkbench/plugins/fr.ac6.mcu.externaltools.arm-none.win32_1.16.0.201807130628/tools/compiler/bin/../lib/gcc/arm-none-eabi/7.2.1/../../../../arm-none-eabi/lib/thumb/v7e-m/fpv4-sp/hard\libnosys.a(fstat.o)
                0x08005f24                _fstat
 .text._getpid  0x08005f34       0x10 c:/ac6/systemworkbench/plugins/fr.ac6.mcu.externaltools.arm-none.win32_1.16.0.201807130628/tools/compiler/bin/../lib/gcc/arm-none-eabi/7.2.1/../../../../arm-none-eabi/lib/thumb/v7e-m/fpv4-sp/hard\libnosys.a(getpid.o)
                0x08005f34                _getpid
 .text._isatty  0x08005f44       0x10 c:/ac6/systemworkbench/plugins/fr.ac6.mcu.externaltools.arm-none.win32_1.16.0.201807130628/tools/compiler/bin/../lib/gcc/arm-none-eabi/7.2.1/../../../../arm-none-eabi/lib/thumb/v7e-m/fpv4-sp/hard\libnosys.a(isatty.o)
                0x08005f44                _isatty
 .text._kill    0x08005f54       0x10 c:/ac6/systemworkbench/plugins/fr.ac6.mcu.externaltools.arm-none.win32_1.16.0.201807130628/tools/compiler/bin/../lib/gcc/arm-none-eabi/7.2.1/../../../../arm-none-eabi/lib/thumb/v7e-m/fpv4-sp/hard\libnosys.a(kill.o)
                0x08005f54                _kill
 .text._lseek   0x08005f64       0x10 c:/ac6/systemworkbench/plugins/fr.ac6.mcu.externaltools.arm-none.win32_1.16.0.201807130628/tools/compiler/bin/../lib/gcc/arm-none-eabi/7.2.1/../../../../arm-none-eabi/lib/thumb/v7e-m/fpv4-sp/hard\libnosys.a(lseek.o)
                0x08005f64                _lseek
 .text._read    0x08005f74       0x10 c:/ac6/systemworkbench/plugins/fr.ac6.mcu.externaltools.arm-none.win32_1.16.0.201807130628/tools/compiler/bin/../lib/gcc/arm-none-eabi/7.2.1/../../../../arm-none-eabi/lib/thumb/v7e-m/fpv4-sp/hard\libnosys.a(read.o)
                0x08005f74                _read
 .text._sbrk    0x08005f84       0x1c c:/ac6/systemworkbench/plugins/fr.ac6.mcu.externaltools.arm-none.win32_1.16.0.201807130628/tools/compiler/bin/../lib/gcc/arm-none-eabi/7.2.1/../../../../arm-none-eabi/lib/thumb/v7e-m/fpv4-sp/hard\libnosys.a(sbrk.o)
                0x08005f84                _sbrk
 .text._write   0x08005fa0       0x10 c:/ac6/systemworkbench/plugins/fr.ac6.mcu.externaltools.arm-none.win32_1.16.0.201807130628/tools/compiler/bin/../lib/gcc/arm-none-eabi/7.2.1/../../../../arm-none-eabi/lib/thumb/v7e-m/fpv4-sp/hard\libnosys.a(write.o)
                0x08005fa0                _write
 .text._exit    0x08005fb0        0x4 c:/ac6/systemworkbench/plugins/fr.ac6.mcu.externaltools.arm-none.win32_1.16.0.201807130628/tools/compiler/bin/../lib/gcc/arm-none-eabi/7.2.1/../../../../arm-none-eabi/lib/thumb/v7e-m/fpv4-sp/hard\libnosys.a(_exit.o)
                0x08005fb0                _exit
 *(.glue_7)
 .glue_7        0x08005fb4        0x0 linker stubs
 *(.glue_7t)
 .glue_7t       0x08005fb4        0x0 linker stubs
 *(.eh_frame)
 .eh_frame      0x08005fb4        0x0 c:/ac6/systemworkbench/plugins/fr.ac6.mcu.externaltools.arm-none.win32_1.16.0.201807130628/tools/compiler/bin/../lib/gcc/arm-none-eabi/7.2.1/thumb/v7e-m/fpv4-sp/hard/crtbegin.o
 *(.init)
 .init          0x08005fb4        0x4 c:/ac6/systemworkbench/plugins/fr.ac6.mcu.externaltools.arm-none.win32_1.16.0.201807130628/tools/compiler/bin/../lib/gcc/arm-none-eabi/7.2.1/thumb/v7e-m/fpv4-sp/hard/crti.o
                0x08005fb4                _init
 .init          0x08005fb8        0x8 c:/ac6/systemworkbench/plugins/fr.ac6.mcu.externaltools.arm-none.win32_1.16.0.201807130628/tools/compiler/bin/../lib/gcc/arm-none-eabi/7.2.1/thumb/v7e-m/fpv4-sp/hard/crtn.o
 *(.fini)
 .fini          0x08005fc0        0x4 c:/ac6/systemworkbench/plugins/fr.ac6.mcu.externaltools.arm-none.win32_1.16.0.201807130628/tools/compiler/bin/../lib/gcc/arm-none-eabi/7.2.1/thumb/v7e-m/fpv4-sp/hard/crti.o
                0x08005fc0                _fini
 .fini          0x08005fc4        0x8 c:/ac6/systemworkbench/plugins/fr.ac6.mcu.externaltools.arm-none.win32_1.16.0.201807130628/tools/compiler/bin/../lib/gcc/arm-none-eabi/7.2.1/thumb/v7e-m/fpv4-sp/hard/crtn.o
                0x08005fcc                . = ALIGN (0x4)
                0x08005fcc                _etext = .

.vfp11_veneer   0x08005fcc        0x0
 .vfp11_veneer  0x08005fcc        0x0 linker stubs

.v4_bx          0x08005fcc        0x0
 .v4_bx         0x08005fcc        0x0 linker stubs

.iplt           0x08005fcc        0x0
 .iplt          0x08005fcc        0x0 c:/ac6/systemworkbench/plugins/fr.ac6.mcu.externaltools.arm-none.win32_1.16.0.201807130628/tools/compiler/bin/../lib/gcc/arm-none-eabi/7.2.1/thumb/v7e-m/fpv4-sp/hard/crtbegin.o

.rodata         0x08005fcc      0x1c8
                0x08005fcc                . = ALIGN (0x4)
 *(.rodata)
 .rodata        0x08005fcc        0x8 Drivers/STM32F4xx_HAL_Driver/Src/stm32f4xx_hal_dma.o
 .rodata        0x08005fd4       0x18 Src/main.o
                0x08005fe7                SE_FRAME
                0x08005fe8                S_FRAME
                0x08005fe9                LAYERMUX_EN
                0x08005fea                I_CLAMP
                0x08005feb                STR_LO
 .rodata        0x08005fec       0x18 Src/system_stm32f4xx.o
                0x08005fec                AHBPrescTable
                0x08005ffc                APBPrescTable
 *(.rodata*)
 .rodata.str1.4
                0x08006004       0x32 Src/main.o
 *fill*         0x08006036        0x2 
 .rodata.str1.4
                0x08006038       0x1b Src/stm32f4xx_hal_msp.o
 *fill*         0x08006053        0x1 
 .rodata.str1.4
                0x08006054       0x13 Src/usbd_conf.o
 *fill*         0x08006067        0x1 
 .rodata.str1.4
                0x08006068       0x58 Src/usbd_desc.o
                                 0x56 (size before relaxing)
 .rodata.__assert_func.str1.1
                0x080060c0       0x3c c:/ac6/systemworkbench/plugins/fr.ac6.mcu.externaltools.arm-none.win32_1.16.0.201807130628/tools/compiler/bin/../lib/gcc/arm-none-eabi/7.2.1/../../../../arm-none-eabi/lib/thumb/v7e-m/fpv4-sp/hard\libc_nano.a(lib_a-assert.o)
                                 0x3d (size before relaxing)
 .rodata._global_impure_ptr
                0x080060fc        0x4 c:/ac6/systemworkbench/plugins/fr.ac6.mcu.externaltools.arm-none.win32_1.16.0.201807130628/tools/compiler/bin/../lib/gcc/arm-none-eabi/7.2.1/../../../../arm-none-eabi/lib/thumb/v7e-m/fpv4-sp/hard\libc_nano.a(lib_a-impure.o)
                0x080060fc                _global_impure_ptr
 .rodata._vfprintf_r.str1.1
                0x08006100       0x11 c:/ac6/systemworkbench/plugins/fr.ac6.mcu.externaltools.arm-none.win32_1.16.0.201807130628/tools/compiler/bin/../lib/gcc/arm-none-eabi/7.2.1/../../../../arm-none-eabi/lib/thumb/v7e-m/fpv4-sp/hard\libc_nano.a(lib_a-nano-vfprintf.o)
 .rodata._printf_i.str1.1
                0x08006111       0x22 c:/ac6/systemworkbench/plugins/fr.ac6.mcu.externaltools.arm-none.win32_1.16.0.201807130628/tools/compiler/bin/../lib/gcc/arm-none-eabi/7.2.1/../../../../arm-none-eabi/lib/thumb/v7e-m/fpv4-sp/hard\libc_nano.a(lib_a-nano-vfprintf_i.o)
 *fill*         0x08006133        0x1 
 .rodata.__sf_fake_stderr
                0x08006134       0x20 c:/ac6/systemworkbench/plugins/fr.ac6.mcu.externaltools.arm-none.win32_1.16.0.201807130628/tools/compiler/bin/../lib/gcc/arm-none-eabi/7.2.1/../../../../arm-none-eabi/lib/thumb/v7e-m/fpv4-sp/hard\libc_nano.a(lib_a-findfp.o)
                0x08006134                __sf_fake_stderr
 .rodata.__sf_fake_stdin
                0x08006154       0x20 c:/ac6/systemworkbench/plugins/fr.ac6.mcu.externaltools.arm-none.win32_1.16.0.201807130628/tools/compiler/bin/../lib/gcc/arm-none-eabi/7.2.1/../../../../arm-none-eabi/lib/thumb/v7e-m/fpv4-sp/hard\libc_nano.a(lib_a-findfp.o)
                0x08006154                __sf_fake_stdin
 .rodata.__sf_fake_stdout
                0x08006174       0x20 c:/ac6/systemworkbench/plugins/fr.ac6.mcu.externaltools.arm-none.win32_1.16.0.201807130628/tools/compiler/bin/../lib/gcc/arm-none-eabi/7.2.1/../../../../arm-none-eabi/lib/thumb/v7e-m/fpv4-sp/hard\libc_nano.a(lib_a-findfp.o)
                0x08006174                __sf_fake_stdout
                0x08006194                . = ALIGN (0x4)

.ARM.extab
 *(.ARM.extab* .gnu.linkonce.armextab.*)

.ARM            0x08006194        0x8
                0x08006194                __exidx_start = .
 *(.ARM.exidx*)
 .ARM.exidx     0x08006194        0x8 c:/ac6/systemworkbench/plugins/fr.ac6.mcu.externaltools.arm-none.win32_1.16.0.201807130628/tools/compiler/bin/../lib/gcc/arm-none-eabi/7.2.1/thumb/v7e-m/fpv4-sp/hard\libgcc.a(_udivmoddi4.o)
                0x0800619c                __exidx_end = .

.rel.dyn        0x0800619c        0x0
 .rel.iplt      0x0800619c        0x0 c:/ac6/systemworkbench/plugins/fr.ac6.mcu.externaltools.arm-none.win32_1.16.0.201807130628/tools/compiler/bin/../lib/gcc/arm-none-eabi/7.2.1/thumb/v7e-m/fpv4-sp/hard/crtbegin.o

.preinit_array  0x0800619c        0x0
                0x0800619c                PROVIDE (__preinit_array_start, .)
 *(.preinit_array*)
                0x0800619c                PROVIDE (__preinit_array_end, .)

.init_array     0x0800619c        0x4
                0x0800619c                PROVIDE (__init_array_start, .)
 *(SORT_BY_NAME(.init_array.*))
 *(.init_array*)
 .init_array    0x0800619c        0x4 c:/ac6/systemworkbench/plugins/fr.ac6.mcu.externaltools.arm-none.win32_1.16.0.201807130628/tools/compiler/bin/../lib/gcc/arm-none-eabi/7.2.1/thumb/v7e-m/fpv4-sp/hard/crtbegin.o
                0x080061a0                PROVIDE (__init_array_end, .)

.fini_array     0x080061a0        0x4
                [!provide]                PROVIDE (__fini_array_start, .)
 *(SORT_BY_NAME(.fini_array.*))
 *(.fini_array*)
 .fini_array    0x080061a0        0x4 c:/ac6/systemworkbench/plugins/fr.ac6.mcu.externaltools.arm-none.win32_1.16.0.201807130628/tools/compiler/bin/../lib/gcc/arm-none-eabi/7.2.1/thumb/v7e-m/fpv4-sp/hard/crtbegin.o
                [!provide]                PROVIDE (__fini_array_end, .)
                0x080061a4                _sidata = LOADADDR (.data)

.data           0x20000000      0x1c4 load address 0x080061a4
                0x20000000                . = ALIGN (0x4)
                0x20000000                _sdata = .
 *(.data)
 .data          0x20000000      0x110 Middlewares/ST/STM32_USB_Device_Library/Class/CDC/Src/usbd_cdc.o
                0x20000000                USBD_CDC_CfgFSDesc
                0x20000044                USBD_CDC_CfgHSDesc
                0x20000088                USBD_CDC_OtherSpeedCfgDesc
                0x200000d8                USBD_CDC
 .data          0x20000110        0x1 Src/main.o
 *fill*         0x20000111        0x3 
 .data          0x20000114        0x4 Src/system_stm32f4xx.o
                0x20000114                SystemCoreClock
 .data          0x20000118       0x14 Src/usbd_cdc_if.o
                0x2000011c                USBD_Interface_fops_FS
 .data          0x2000012c       0x34 Src/usbd_desc.o
                0x2000012c                USBD_FS_DeviceDesc
                0x20000140                USBD_LangIDDesc
                0x20000144                FS_Desc
 *(.data*)
 .data._impure_ptr
                0x20000160        0x4 c:/ac6/systemworkbench/plugins/fr.ac6.mcu.externaltools.arm-none.win32_1.16.0.201807130628/tools/compiler/bin/../lib/gcc/arm-none-eabi/7.2.1/../../../../arm-none-eabi/lib/thumb/v7e-m/fpv4-sp/hard\libc_nano.a(lib_a-impure.o)
                0x20000160                _impure_ptr
 .data.impure_data
                0x20000164       0x60 c:/ac6/systemworkbench/plugins/fr.ac6.mcu.externaltools.arm-none.win32_1.16.0.201807130628/tools/compiler/bin/../lib/gcc/arm-none-eabi/7.2.1/../../../../arm-none-eabi/lib/thumb/v7e-m/fpv4-sp/hard\libc_nano.a(lib_a-impure.o)
                0x200001c4                . = ALIGN (0x4)
                0x200001c4                _edata = .
                0x08006368                _siccmram = LOADADDR (.ccmram)

.igot.plt       0x200001c4        0x0 load address 0x08006368
 .igot.plt      0x200001c4        0x0 c:/ac6/systemworkbench/plugins/fr.ac6.mcu.externaltools.arm-none.win32_1.16.0.201807130628/tools/compiler/bin/../lib/gcc/arm-none-eabi/7.2.1/thumb/v7e-m/fpv4-sp/hard/crtbegin.o

.ccmram         0x10000000        0x0 load address 0x08006368
                0x10000000                . = ALIGN (0x4)
                0x10000000                _sccmram = .
 *(.ccmram)
 *(.ccmram*)
                0x10000000                . = ALIGN (0x4)
                0x10000000                _eccmram = .
                0x10000000                . = ALIGN (0x4)

.bss            0x200001c4     0x353c
                0x200001c4                _sbss = .
                0x200001c4                __bss_start__ = _sbss
 *(.bss)
 .bss           0x200001c4       0x1c c:/ac6/systemworkbench/plugins/fr.ac6.mcu.externaltools.arm-none.win32_1.16.0.201807130628/tools/compiler/bin/../lib/gcc/arm-none-eabi/7.2.1/thumb/v7e-m/fpv4-sp/hard/crtbegin.o
 .bss           0x200001e0        0x1 Middlewares/ST/STM32_USB_Device_Library/Class/CDC/Src/usbd_cdc.o
 .bss           0x200001e1        0x1 Middlewares/ST/STM32_USB_Device_Library/Core/Src/usbd_ctlreq.o
 *fill*         0x200001e2        0x2 
 .bss           0x200001e4      0xe84 Src/main.o
                0x200009ec                Ereg_sense_layer_mask
                0x200009ee                Ereg_mask
                0x200009f0                Breg_mask
                0x20001064                Dreg_mask
                0x20001066                Creg_mask
 .bss           0x20001068        0xc Src/usbd_cdc_if.o
 *(.bss*)
 .bss.__malloc_free_list
                0x20001074        0x4 c:/ac6/systemworkbench/plugins/fr.ac6.mcu.externaltools.arm-none.win32_1.16.0.201807130628/tools/compiler/bin/../lib/gcc/arm-none-eabi/7.2.1/../../../../arm-none-eabi/lib/thumb/v7e-m/fpv4-sp/hard\libc_nano.a(lib_a-nano-mallocr.o)
                0x20001074                __malloc_free_list
 .bss.__malloc_sbrk_start
                0x20001078        0x4 c:/ac6/systemworkbench/plugins/fr.ac6.mcu.externaltools.arm-none.win32_1.16.0.201807130628/tools/compiler/bin/../lib/gcc/arm-none-eabi/7.2.1/../../../../arm-none-eabi/lib/thumb/v7e-m/fpv4-sp/hard\libc_nano.a(lib_a-nano-mallocr.o)
                0x20001078                __malloc_sbrk_start
 .bss.heap_end.5377
                0x2000107c        0x4 c:/ac6/systemworkbench/plugins/fr.ac6.mcu.externaltools.arm-none.win32_1.16.0.201807130628/tools/compiler/bin/../lib/gcc/arm-none-eabi/7.2.1/../../../../arm-none-eabi/lib/thumb/v7e-m/fpv4-sp/hard\libnosys.a(sbrk.o)
 *(COMMON)
 COMMON         0x20001080        0x4 Drivers/STM32F4xx_HAL_Driver/Src/stm32f4xx_hal.o
                0x20001080                uwTick
 COMMON         0x20001084      0x664 Src/main.o
                0x20001084                Ereg_sense_layer
                0x20001088                Ereg_sense_layer_array
                0x20001188                Ereg_reverse_current_array
                0x20001288                Breg_reverse_current
                0x2000128c                hadc2
                0x200012d4                Breg_reverse_current_array
                0x200013d4                Ereg_forward_current_array
                0x200014d4                hadc1
                0x2000151c                Ereg
                0x2000151e                Breg_forward_current
                0x20001520                hdma_adc1
                0x20001580                Breg_forward_current_array
                0x20001680                Ereg_reverse_current
                0x20001682                Ereg_forward_current
                0x20001684                hdma_adc2
                0x200016e4                Dreg
                0x200016e6                Creg
 COMMON         0x200016e8      0x224 Src/usb_device.o
                0x200016e8                hUsbDeviceFS
 COMMON         0x2000190c     0x1800 Src/usbd_cdc_if.o
                0x2000190c                UserRxBufferFS
                0x2000210c                UserTxBufferFS
                0x2000290c                buffer
 COMMON         0x2000310c      0x3f0 Src/usbd_conf.o
                0x2000310c                hpcd_USB_OTG_FS
 COMMON         0x200034fc      0x200 Src/usbd_desc.o
                0x200034fc                USBD_StrDesc
 COMMON         0x200036fc        0x4 c:/ac6/systemworkbench/plugins/fr.ac6.mcu.externaltools.arm-none.win32_1.16.0.201807130628/tools/compiler/bin/../lib/gcc/arm-none-eabi/7.2.1/../../../../arm-none-eabi/lib/thumb/v7e-m/fpv4-sp/hard\libc_nano.a(lib_a-reent.o)
                0x200036fc                errno
                0x20003700                . = ALIGN (0x4)
                0x20003700                _ebss = .
                0x20003700                __bss_end__ = _ebss

._user_heap_stack
                0x20003700      0x600
                0x20003700                . = ALIGN (0x8)
                0x20003700                PROVIDE (end, .)
                [!provide]                PROVIDE (_end, .)
                0x20003900                . = (. + _Min_Heap_Size)
 *fill*         0x20003700      0x200 
                0x20003d00                . = (. + _Min_Stack_Size)
 *fill*         0x20003900      0x400 
                0x20003d00                . = ALIGN (0x8)

/DISCARD/
 libc.a(*)
 libm.a(*)
 libgcc.a(*)

.ARM.attributes
                0x00000000       0x30
 *(.ARM.attributes)
 .ARM.attributes
                0x00000000       0x22 c:/ac6/systemworkbench/plugins/fr.ac6.mcu.externaltools.arm-none.win32_1.16.0.201807130628/tools/compiler/bin/../lib/gcc/arm-none-eabi/7.2.1/thumb/v7e-m/fpv4-sp/hard/crti.o
 .ARM.attributes
                0x00000022       0x34 c:/ac6/systemworkbench/plugins/fr.ac6.mcu.externaltools.arm-none.win32_1.16.0.201807130628/tools/compiler/bin/../lib/gcc/arm-none-eabi/7.2.1/thumb/v7e-m/fpv4-sp/hard/crtbegin.o
 .ARM.attributes
                0x00000056       0x39 Drivers/STM32F4xx_HAL_Driver/Src/stm32f4xx_hal.o
 .ARM.attributes
                0x0000008f       0x39 Drivers/STM32F4xx_HAL_Driver/Src/stm32f4xx_hal_adc.o
 .ARM.attributes
                0x000000c8       0x39 Drivers/STM32F4xx_HAL_Driver/Src/stm32f4xx_hal_cortex.o
 .ARM.attributes
                0x00000101       0x39 Drivers/STM32F4xx_HAL_Driver/Src/stm32f4xx_hal_dma.o
 .ARM.attributes
                0x0000013a       0x39 Drivers/STM32F4xx_HAL_Driver/Src/stm32f4xx_hal_gpio.o
 .ARM.attributes
                0x00000173       0x39 Drivers/STM32F4xx_HAL_Driver/Src/stm32f4xx_hal_pcd.o
 .ARM.attributes
                0x000001ac       0x39 Drivers/STM32F4xx_HAL_Driver/Src/stm32f4xx_hal_pcd_ex.o
 .ARM.attributes
                0x000001e5       0x39 Drivers/STM32F4xx_HAL_Driver/Src/stm32f4xx_hal_rcc.o
 .ARM.attributes
                0x0000021e       0x39 Drivers/STM32F4xx_HAL_Driver/Src/stm32f4xx_ll_usb.o
 .ARM.attributes
                0x00000257       0x39 Middlewares/ST/STM32_USB_Device_Library/Class/CDC/Src/usbd_cdc.o
 .ARM.attributes
                0x00000290       0x39 Middlewares/ST/STM32_USB_Device_Library/Core/Src/usbd_core.o
 .ARM.attributes
                0x000002c9       0x39 Middlewares/ST/STM32_USB_Device_Library/Core/Src/usbd_ctlreq.o
 .ARM.attributes
                0x00000302       0x39 Middlewares/ST/STM32_USB_Device_Library/Core/Src/usbd_ioreq.o
 .ARM.attributes
                0x0000033b       0x39 Src/main.o
 .ARM.attributes
                0x00000374       0x39 Src/stm32f4xx_hal_msp.o
 .ARM.attributes
                0x000003ad       0x39 Src/stm32f4xx_it.o
 .ARM.attributes
                0x000003e6       0x39 Src/system_stm32f4xx.o
 .ARM.attributes
                0x0000041f       0x39 Src/usb_device.o
 .ARM.attributes
                0x00000458       0x39 Src/usbd_cdc_if.o
 .ARM.attributes
                0x00000491       0x39 Src/usbd_conf.o
 .ARM.attributes
                0x000004ca       0x39 Src/usbd_desc.o
 .ARM.attributes
                0x00000503       0x21 startup/startup_stm32f407xx.o
 .ARM.attributes
                0x00000524       0x22 c:/ac6/systemworkbench/plugins/fr.ac6.mcu.externaltools.arm-none.win32_1.16.0.201807130628/tools/compiler/bin/../lib/gcc/arm-none-eabi/7.2.1/thumb/v7e-m/fpv4-sp/hard\libgcc.a(_aeabi_uldivmod.o)
 .ARM.attributes
                0x00000546       0x34 c:/ac6/systemworkbench/plugins/fr.ac6.mcu.externaltools.arm-none.win32_1.16.0.201807130628/tools/compiler/bin/../lib/gcc/arm-none-eabi/7.2.1/thumb/v7e-m/fpv4-sp/hard\libgcc.a(_udivmoddi4.o)
 .ARM.attributes
                0x0000057a       0x22 c:/ac6/systemworkbench/plugins/fr.ac6.mcu.externaltools.arm-none.win32_1.16.0.201807130628/tools/compiler/bin/../lib/gcc/arm-none-eabi/7.2.1/thumb/v7e-m/fpv4-sp/hard\libgcc.a(_dvmd_tls.o)
 .ARM.attributes
                0x0000059c       0x34 c:/ac6/systemworkbench/plugins/fr.ac6.mcu.externaltools.arm-none.win32_1.16.0.201807130628/tools/compiler/bin/../lib/gcc/arm-none-eabi/7.2.1/../../../../arm-none-eabi/lib/thumb/v7e-m/fpv4-sp/hard\libc_nano.a(lib_a-assert.o)
 .ARM.attributes
                0x000005d0       0x34 c:/ac6/systemworkbench/plugins/fr.ac6.mcu.externaltools.arm-none.win32_1.16.0.201807130628/tools/compiler/bin/../lib/gcc/arm-none-eabi/7.2.1/../../../../arm-none-eabi/lib/thumb/v7e-m/fpv4-sp/hard\libc_nano.a(lib_a-fprintf.o)
 .ARM.attributes
                0x00000604       0x34 c:/ac6/systemworkbench/plugins/fr.ac6.mcu.externaltools.arm-none.win32_1.16.0.201807130628/tools/compiler/bin/../lib/gcc/arm-none-eabi/7.2.1/../../../../arm-none-eabi/lib/thumb/v7e-m/fpv4-sp/hard\libc_nano.a(lib_a-impure.o)
 .ARM.attributes
                0x00000638       0x34 c:/ac6/systemworkbench/plugins/fr.ac6.mcu.externaltools.arm-none.win32_1.16.0.201807130628/tools/compiler/bin/../lib/gcc/arm-none-eabi/7.2.1/../../../../arm-none-eabi/lib/thumb/v7e-m/fpv4-sp/hard\libc_nano.a(lib_a-init.o)
 .ARM.attributes
                0x0000066c       0x34 c:/ac6/systemworkbench/plugins/fr.ac6.mcu.externaltools.arm-none.win32_1.16.0.201807130628/tools/compiler/bin/../lib/gcc/arm-none-eabi/7.2.1/../../../../arm-none-eabi/lib/thumb/v7e-m/fpv4-sp/hard\libc_nano.a(lib_a-malloc.o)
 .ARM.attributes
                0x000006a0       0x34 c:/ac6/systemworkbench/plugins/fr.ac6.mcu.externaltools.arm-none.win32_1.16.0.201807130628/tools/compiler/bin/../lib/gcc/arm-none-eabi/7.2.1/../../../../arm-none-eabi/lib/thumb/v7e-m/fpv4-sp/hard\libc_nano.a(lib_a-memset.o)
 .ARM.attributes
                0x000006d4       0x34 c:/ac6/systemworkbench/plugins/fr.ac6.mcu.externaltools.arm-none.win32_1.16.0.201807130628/tools/compiler/bin/../lib/gcc/arm-none-eabi/7.2.1/../../../../arm-none-eabi/lib/thumb/v7e-m/fpv4-sp/hard\libc_nano.a(lib_a-nano-freer.o)
 .ARM.attributes
                0x00000708       0x34 c:/ac6/systemworkbench/plugins/fr.ac6.mcu.externaltools.arm-none.win32_1.16.0.201807130628/tools/compiler/bin/../lib/gcc/arm-none-eabi/7.2.1/../../../../arm-none-eabi/lib/thumb/v7e-m/fpv4-sp/hard\libc_nano.a(lib_a-nano-mallocr.o)
 .ARM.attributes
                0x0000073c       0x34 c:/ac6/systemworkbench/plugins/fr.ac6.mcu.externaltools.arm-none.win32_1.16.0.201807130628/tools/compiler/bin/../lib/gcc/arm-none-eabi/7.2.1/../../../../arm-none-eabi/lib/thumb/v7e-m/fpv4-sp/hard\libc_nano.a(lib_a-nano-vfprintf.o)
 .ARM.attributes
                0x00000770       0x34 c:/ac6/systemworkbench/plugins/fr.ac6.mcu.externaltools.arm-none.win32_1.16.0.201807130628/tools/compiler/bin/../lib/gcc/arm-none-eabi/7.2.1/../../../../arm-none-eabi/lib/thumb/v7e-m/fpv4-sp/hard\libc_nano.a(lib_a-nano-vfprintf_i.o)
 .ARM.attributes
                0x000007a4       0x34 c:/ac6/systemworkbench/plugins/fr.ac6.mcu.externaltools.arm-none.win32_1.16.0.201807130628/tools/compiler/bin/../lib/gcc/arm-none-eabi/7.2.1/../../../../arm-none-eabi/lib/thumb/v7e-m/fpv4-sp/hard\libc_nano.a(lib_a-sbrkr.o)
 .ARM.attributes
                0x000007d8       0x34 c:/ac6/systemworkbench/plugins/fr.ac6.mcu.externaltools.arm-none.win32_1.16.0.201807130628/tools/compiler/bin/../lib/gcc/arm-none-eabi/7.2.1/../../../../arm-none-eabi/lib/thumb/v7e-m/fpv4-sp/hard\libc_nano.a(lib_a-wbuf.o)
 .ARM.attributes
                0x0000080c       0x34 c:/ac6/systemworkbench/plugins/fr.ac6.mcu.externaltools.arm-none.win32_1.16.0.201807130628/tools/compiler/bin/../lib/gcc/arm-none-eabi/7.2.1/../../../../arm-none-eabi/lib/thumb/v7e-m/fpv4-sp/hard\libc_nano.a(lib_a-wsetup.o)
 .ARM.attributes
                0x00000840       0x34 c:/ac6/systemworkbench/plugins/fr.ac6.mcu.externaltools.arm-none.win32_1.16.0.201807130628/tools/compiler/bin/../lib/gcc/arm-none-eabi/7.2.1/../../../../arm-none-eabi/lib/thumb/v7e-m/fpv4-sp/hard\libc_nano.a(lib_a-abort.o)
 .ARM.attributes
                0x00000874       0x34 c:/ac6/systemworkbench/plugins/fr.ac6.mcu.externaltools.arm-none.win32_1.16.0.201807130628/tools/compiler/bin/../lib/gcc/arm-none-eabi/7.2.1/../../../../arm-none-eabi/lib/thumb/v7e-m/fpv4-sp/hard\libc_nano.a(lib_a-fflush.o)
 .ARM.attributes
                0x000008a8       0x34 c:/ac6/systemworkbench/plugins/fr.ac6.mcu.externaltools.arm-none.win32_1.16.0.201807130628/tools/compiler/bin/../lib/gcc/arm-none-eabi/7.2.1/../../../../arm-none-eabi/lib/thumb/v7e-m/fpv4-sp/hard\libc_nano.a(lib_a-findfp.o)
 .ARM.attributes
                0x000008dc       0x34 c:/ac6/systemworkbench/plugins/fr.ac6.mcu.externaltools.arm-none.win32_1.16.0.201807130628/tools/compiler/bin/../lib/gcc/arm-none-eabi/7.2.1/../../../../arm-none-eabi/lib/thumb/v7e-m/fpv4-sp/hard\libc_nano.a(lib_a-fwalk.o)
 .ARM.attributes
                0x00000910       0x34 c:/ac6/systemworkbench/plugins/fr.ac6.mcu.externaltools.arm-none.win32_1.16.0.201807130628/tools/compiler/bin/../lib/gcc/arm-none-eabi/7.2.1/../../../../arm-none-eabi/lib/thumb/v7e-m/fpv4-sp/hard\libc_nano.a(lib_a-makebuf.o)
 .ARM.attributes
                0x00000944       0x20 c:/ac6/systemworkbench/plugins/fr.ac6.mcu.externaltools.arm-none.win32_1.16.0.201807130628/tools/compiler/bin/../lib/gcc/arm-none-eabi/7.2.1/../../../../arm-none-eabi/lib/thumb/v7e-m/fpv4-sp/hard\libc_nano.a(lib_a-memchr.o)
 .ARM.attributes
                0x00000964       0x34 c:/ac6/systemworkbench/plugins/fr.ac6.mcu.externaltools.arm-none.win32_1.16.0.201807130628/tools/compiler/bin/../lib/gcc/arm-none-eabi/7.2.1/../../../../arm-none-eabi/lib/thumb/v7e-m/fpv4-sp/hard\libc_nano.a(lib_a-mlock.o)
 .ARM.attributes
                0x00000998       0x34 c:/ac6/systemworkbench/plugins/fr.ac6.mcu.externaltools.arm-none.win32_1.16.0.201807130628/tools/compiler/bin/../lib/gcc/arm-none-eabi/7.2.1/../../../../arm-none-eabi/lib/thumb/v7e-m/fpv4-sp/hard\libc_nano.a(lib_a-reent.o)
 .ARM.attributes
                0x000009cc       0x34 c:/ac6/systemworkbench/plugins/fr.ac6.mcu.externaltools.arm-none.win32_1.16.0.201807130628/tools/compiler/bin/../lib/gcc/arm-none-eabi/7.2.1/../../../../arm-none-eabi/lib/thumb/v7e-m/fpv4-sp/hard\libc_nano.a(lib_a-signal.o)
 .ARM.attributes
                0x00000a00       0x34 c:/ac6/systemworkbench/plugins/fr.ac6.mcu.externaltools.arm-none.win32_1.16.0.201807130628/tools/compiler/bin/../lib/gcc/arm-none-eabi/7.2.1/../../../../arm-none-eabi/lib/thumb/v7e-m/fpv4-sp/hard\libc_nano.a(lib_a-signalr.o)
 .ARM.attributes
                0x00000a34       0x34 c:/ac6/systemworkbench/plugins/fr.ac6.mcu.externaltools.arm-none.win32_1.16.0.201807130628/tools/compiler/bin/../lib/gcc/arm-none-eabi/7.2.1/../../../../arm-none-eabi/lib/thumb/v7e-m/fpv4-sp/hard\libc_nano.a(lib_a-stdio.o)
 .ARM.attributes
                0x00000a68       0x34 c:/ac6/systemworkbench/plugins/fr.ac6.mcu.externaltools.arm-none.win32_1.16.0.201807130628/tools/compiler/bin/../lib/gcc/arm-none-eabi/7.2.1/../../../../arm-none-eabi/lib/thumb/v7e-m/fpv4-sp/hard\libc_nano.a(lib_a-writer.o)
 .ARM.attributes
                0x00000a9c       0x34 c:/ac6/systemworkbench/plugins/fr.ac6.mcu.externaltools.arm-none.win32_1.16.0.201807130628/tools/compiler/bin/../lib/gcc/arm-none-eabi/7.2.1/../../../../arm-none-eabi/lib/thumb/v7e-m/fpv4-sp/hard\libc_nano.a(lib_a-closer.o)
 .ARM.attributes
                0x00000ad0       0x34 c:/ac6/systemworkbench/plugins/fr.ac6.mcu.externaltools.arm-none.win32_1.16.0.201807130628/tools/compiler/bin/../lib/gcc/arm-none-eabi/7.2.1/../../../../arm-none-eabi/lib/thumb/v7e-m/fpv4-sp/hard\libc_nano.a(lib_a-fstatr.o)
 .ARM.attributes
                0x00000b04       0x34 c:/ac6/systemworkbench/plugins/fr.ac6.mcu.externaltools.arm-none.win32_1.16.0.201807130628/tools/compiler/bin/../lib/gcc/arm-none-eabi/7.2.1/../../../../arm-none-eabi/lib/thumb/v7e-m/fpv4-sp/hard\libc_nano.a(lib_a-isattyr.o)
 .ARM.attributes
                0x00000b38       0x34 c:/ac6/systemworkbench/plugins/fr.ac6.mcu.externaltools.arm-none.win32_1.16.0.201807130628/tools/compiler/bin/../lib/gcc/arm-none-eabi/7.2.1/../../../../arm-none-eabi/lib/thumb/v7e-m/fpv4-sp/hard\libc_nano.a(lib_a-lseekr.o)
 .ARM.attributes
                0x00000b6c       0x34 c:/ac6/systemworkbench/plugins/fr.ac6.mcu.externaltools.arm-none.win32_1.16.0.201807130628/tools/compiler/bin/../lib/gcc/arm-none-eabi/7.2.1/../../../../arm-none-eabi/lib/thumb/v7e-m/fpv4-sp/hard\libc_nano.a(lib_a-readr.o)
 .ARM.attributes
                0x00000ba0       0x34 c:/ac6/systemworkbench/plugins/fr.ac6.mcu.externaltools.arm-none.win32_1.16.0.201807130628/tools/compiler/bin/../lib/gcc/arm-none-eabi/7.2.1/../../../../arm-none-eabi/lib/thumb/v7e-m/fpv4-sp/hard\libnosys.a(close.o)
 .ARM.attributes
                0x00000bd4       0x34 c:/ac6/systemworkbench/plugins/fr.ac6.mcu.externaltools.arm-none.win32_1.16.0.201807130628/tools/compiler/bin/../lib/gcc/arm-none-eabi/7.2.1/../../../../arm-none-eabi/lib/thumb/v7e-m/fpv4-sp/hard\libnosys.a(fstat.o)
 .ARM.attributes
                0x00000c08       0x34 c:/ac6/systemworkbench/plugins/fr.ac6.mcu.externaltools.arm-none.win32_1.16.0.201807130628/tools/compiler/bin/../lib/gcc/arm-none-eabi/7.2.1/../../../../arm-none-eabi/lib/thumb/v7e-m/fpv4-sp/hard\libnosys.a(getpid.o)
 .ARM.attributes
                0x00000c3c       0x34 c:/ac6/systemworkbench/plugins/fr.ac6.mcu.externaltools.arm-none.win32_1.16.0.201807130628/tools/compiler/bin/../lib/gcc/arm-none-eabi/7.2.1/../../../../arm-none-eabi/lib/thumb/v7e-m/fpv4-sp/hard\libnosys.a(isatty.o)
 .ARM.attributes
                0x00000c70       0x34 c:/ac6/systemworkbench/plugins/fr.ac6.mcu.externaltools.arm-none.win32_1.16.0.201807130628/tools/compiler/bin/../lib/gcc/arm-none-eabi/7.2.1/../../../../arm-none-eabi/lib/thumb/v7e-m/fpv4-sp/hard\libnosys.a(kill.o)
 .ARM.attributes
                0x00000ca4       0x34 c:/ac6/systemworkbench/plugins/fr.ac6.mcu.externaltools.arm-none.win32_1.16.0.201807130628/tools/compiler/bin/../lib/gcc/arm-none-eabi/7.2.1/../../../../arm-none-eabi/lib/thumb/v7e-m/fpv4-sp/hard\libnosys.a(lseek.o)
 .ARM.attributes
                0x00000cd8       0x34 c:/ac6/systemworkbench/plugins/fr.ac6.mcu.externaltools.arm-none.win32_1.16.0.201807130628/tools/compiler/bin/../lib/gcc/arm-none-eabi/7.2.1/../../../../arm-none-eabi/lib/thumb/v7e-m/fpv4-sp/hard\libnosys.a(read.o)
 .ARM.attributes
                0x00000d0c       0x34 c:/ac6/systemworkbench/plugins/fr.ac6.mcu.externaltools.arm-none.win32_1.16.0.201807130628/tools/compiler/bin/../lib/gcc/arm-none-eabi/7.2.1/../../../../arm-none-eabi/lib/thumb/v7e-m/fpv4-sp/hard\libnosys.a(sbrk.o)
 .ARM.attributes
                0x00000d40       0x34 c:/ac6/systemworkbench/plugins/fr.ac6.mcu.externaltools.arm-none.win32_1.16.0.201807130628/tools/compiler/bin/../lib/gcc/arm-none-eabi/7.2.1/../../../../arm-none-eabi/lib/thumb/v7e-m/fpv4-sp/hard\libnosys.a(write.o)
 .ARM.attributes
                0x00000d74       0x34 c:/ac6/systemworkbench/plugins/fr.ac6.mcu.externaltools.arm-none.win32_1.16.0.201807130628/tools/compiler/bin/../lib/gcc/arm-none-eabi/7.2.1/../../../../arm-none-eabi/lib/thumb/v7e-m/fpv4-sp/hard\libnosys.a(_exit.o)
 .ARM.attributes
                0x00000da8       0x22 c:/ac6/systemworkbench/plugins/fr.ac6.mcu.externaltools.arm-none.win32_1.16.0.201807130628/tools/compiler/bin/../lib/gcc/arm-none-eabi/7.2.1/thumb/v7e-m/fpv4-sp/hard/crtn.o
OUTPUT(Cube5.elf elf32-littlearm)

.debug_info     0x00000000    0x1ce64
 .debug_info    0x00000000     0x1114 Drivers/STM32F4xx_HAL_Driver/Src/stm32f4xx_hal.o
 .debug_info    0x00001114     0x15e9 Drivers/STM32F4xx_HAL_Driver/Src/stm32f4xx_hal_adc.o
 .debug_info    0x000026fd     0x1755 Drivers/STM32F4xx_HAL_Driver/Src/stm32f4xx_hal_cortex.o
 .debug_info    0x00003e52     0x127b Drivers/STM32F4xx_HAL_Driver/Src/stm32f4xx_hal_dma.o
 .debug_info    0x000050cd      0xf93 Drivers/STM32F4xx_HAL_Driver/Src/stm32f4xx_hal_gpio.o
 .debug_info    0x00006060     0x1ca4 Drivers/STM32F4xx_HAL_Driver/Src/stm32f4xx_hal_pcd.o
 .debug_info    0x00007d04      0xdd5 Drivers/STM32F4xx_HAL_Driver/Src/stm32f4xx_hal_pcd_ex.o
 .debug_info    0x00008ad9     0x1236 Drivers/STM32F4xx_HAL_Driver/Src/stm32f4xx_hal_rcc.o
 .debug_info    0x00009d0f     0x1f18 Drivers/STM32F4xx_HAL_Driver/Src/stm32f4xx_ll_usb.o
 .debug_info    0x0000bc27     0x1583 Middlewares/ST/STM32_USB_Device_Library/Class/CDC/Src/usbd_cdc.o
 .debug_info    0x0000d1aa     0x14ab Middlewares/ST/STM32_USB_Device_Library/Core/Src/usbd_core.o
 .debug_info    0x0000e655     0x166a Middlewares/ST/STM32_USB_Device_Library/Core/Src/usbd_ctlreq.o
 .debug_info    0x0000fcbf      0xfd4 Middlewares/ST/STM32_USB_Device_Library/Core/Src/usbd_ioreq.o
 .debug_info    0x00010c93     0x3cf9 Src/main.o
 .debug_info    0x0001498c     0x1649 Src/stm32f4xx_hal_msp.o
 .debug_info    0x00015fd5     0x1028 Src/stm32f4xx_it.o
 .debug_info    0x00016ffd      0xd29 Src/system_stm32f4xx.o
 .debug_info    0x00017d26      0xe8b Src/usb_device.o
 .debug_info    0x00018bb1     0x128d Src/usbd_cdc_if.o
 .debug_info    0x00019e3e     0x22a8 Src/usbd_conf.o
 .debug_info    0x0001c0e6      0xd5c Src/usbd_desc.o
 .debug_info    0x0001ce42       0x22 startup/startup_stm32f407xx.o

.debug_abbrev   0x00000000     0x3c4e
 .debug_abbrev  0x00000000      0x2f4 Drivers/STM32F4xx_HAL_Driver/Src/stm32f4xx_hal.o
 .debug_abbrev  0x000002f4      0x2cf Drivers/STM32F4xx_HAL_Driver/Src/stm32f4xx_hal_adc.o
 .debug_abbrev  0x000005c3      0x3d6 Drivers/STM32F4xx_HAL_Driver/Src/stm32f4xx_hal_cortex.o
 .debug_abbrev  0x00000999      0x32a Drivers/STM32F4xx_HAL_Driver/Src/stm32f4xx_hal_dma.o
 .debug_abbrev  0x00000cc3      0x2a7 Drivers/STM32F4xx_HAL_Driver/Src/stm32f4xx_hal_gpio.o
 .debug_abbrev  0x00000f6a      0x338 Drivers/STM32F4xx_HAL_Driver/Src/stm32f4xx_hal_pcd.o
 .debug_abbrev  0x000012a2      0x24e Drivers/STM32F4xx_HAL_Driver/Src/stm32f4xx_hal_pcd_ex.o
 .debug_abbrev  0x000014f0      0x32a Drivers/STM32F4xx_HAL_Driver/Src/stm32f4xx_hal_rcc.o
 .debug_abbrev  0x0000181a      0x306 Drivers/STM32F4xx_HAL_Driver/Src/stm32f4xx_ll_usb.o
 .debug_abbrev  0x00001b20      0x31d Middlewares/ST/STM32_USB_Device_Library/Class/CDC/Src/usbd_cdc.o
 .debug_abbrev  0x00001e3d      0x2ac Middlewares/ST/STM32_USB_Device_Library/Core/Src/usbd_core.o
 .debug_abbrev  0x000020e9      0x329 Middlewares/ST/STM32_USB_Device_Library/Core/Src/usbd_ctlreq.o
 .debug_abbrev  0x00002412      0x215 Middlewares/ST/STM32_USB_Device_Library/Core/Src/usbd_ioreq.o
 .debug_abbrev  0x00002627      0x4ad Src/main.o
 .debug_abbrev  0x00002ad4      0x25f Src/stm32f4xx_hal_msp.o
 .debug_abbrev  0x00002d33      0x23b Src/stm32f4xx_it.o
 .debug_abbrev  0x00002f6e      0x205 Src/system_stm32f4xx.o
 .debug_abbrev  0x00003173      0x218 Src/usb_device.o
 .debug_abbrev  0x0000338b      0x34d Src/usbd_cdc_if.o
 .debug_abbrev  0x000036d8      0x2ed Src/usbd_conf.o
 .debug_abbrev  0x000039c5      0x277 Src/usbd_desc.o
 .debug_abbrev  0x00003c3c       0x12 startup/startup_stm32f407xx.o

.debug_loc      0x00000000     0x756f
 .debug_loc     0x00000000       0x69 Drivers/STM32F4xx_HAL_Driver/Src/stm32f4xx_hal.o
 .debug_loc     0x00000069      0x92c Drivers/STM32F4xx_HAL_Driver/Src/stm32f4xx_hal_adc.o
 .debug_loc     0x00000995      0x5ce Drivers/STM32F4xx_HAL_Driver/Src/stm32f4xx_hal_cortex.o